[INFO] Planning search queries
[INFO] Planned 6 queries
[INFO] [SCRAPE] staff mlops engineer
[INFO] [SCRAPE] principal mlops engineer
[INFO] [SCRAPE] staff machine learning operations engineer
[INFO] [SCRAPE] principal machine learning operations engineer
[WARNING] Large cache detected: 1691 jobs. Ranking may take several minutes.
[INFO] === RANK PHASE ===
[INFO] [RANK] Starting ranking on 1691 jobs
[INFO] [FILTER] Dropped 327 senior management roles
[INFO] [RANK] Functional role classified: 100/1364
[INFO] [RANK] Functional role classified: 200/1364
[INFO] [RANK] Functional role classified: 300/1364
[INFO] [RANK] Functional role classified: 400/1364
[INFO] [RANK] Functional role classified: 500/1364
[INFO] [RANK] Functional role classified: 600/1364
[INFO] [RANK] Functional role classified: 700/1364
[INFO] [RANK] Functional role classified: 800/1364
[INFO] [RANK] Functional role classified: 900/1364
[INFO] [RANK] Functional role classified: 1000/1364
[INFO] [RANK] Functional role classified: 1100/1364
[INFO] [RANK] Functional role classified: 1200/1364
[INFO] [RANK] Functional role classified: 1300/1364
[INFO] [FILTER] Dropped 3 security/SRE roles
[INFO] [EMBED] FAISS load took 3.1 ms
[INFO] [EMBED] Loaded FAISS index with 1277 vectors
[INFO] [EMBED] Cache lookup: 1361 hit / 0 miss (hit-rate=100.0%)
[INFO] [RANK] Completed in 13.1s → 1134 jobs
[INFO] Saved outputs/ranked_jobs.csv
[INFO] [CORPUS] Writing user-scoped corpus → users/example/default/corpus/jobs_corpus.csv
[INFO] Rows before dedupe: 4519
[INFO] Corpus built: 1690 jobs → users/example/default/corpus/jobs_corpus.csv
[INFO] [FAISS] Using user-scoped embeddings → users/example/default/embeddings
[INFO] Building FAISS index for 1690 jobs
[INFO] [EMBED] Cache lookup: 0 hit / 1690 miss (hit-rate=0.0%)
[INFO] Embedding 1690 new corpus rows
[INFO] [EMBED] FAISS add (1690 vectors) took 0.7 ms
[INFO] [EMBED] FAISS save took 1.3 ms
[INFO] Corpus FAISS snapshot ready
[INFO] Planning search queries
[INFO] Planned 6 queries
[INFO] [SCRAPE] staff mlops engineer
[INFO] [SCRAPE] principal mlops engineer
[INFO] [SCRAPE] staff machine learning operations engineer
[INFO] [SCRAPE] principal machine learning operations engineer
[WARNING] Large cache detected: 1691 jobs. Ranking may take several minutes.
[INFO] === RANK PHASE ===
[INFO] [RANK] Starting ranking on 1691 jobs
[INFO] [FILTER] Dropped 327 senior management roles
[INFO] [RANK] Functional role classified: 100/1364
[INFO] [RANK] Functional role classified: 200/1364
[INFO] [RANK] Functional role classified: 300/1364
[INFO] [RANK] Functional role classified: 400/1364
[INFO] [RANK] Functional role classified: 500/1364
[INFO] [RANK] Functional role classified: 600/1364
[INFO] [RANK] Functional role classified: 700/1364
[INFO] [RANK] Functional role classified: 800/1364
[INFO] [RANK] Functional role classified: 900/1364
[INFO] [RANK] Functional role classified: 1000/1364
[INFO] [RANK] Functional role classified: 1100/1364
[INFO] [RANK] Functional role classified: 1200/1364
[INFO] [RANK] Functional role classified: 1300/1364
[INFO] [FILTER] Dropped 3 security/SRE roles
[INFO] [EMBED] FAISS load took 3.8 ms
[INFO] [EMBED] Loaded FAISS index with 1277 vectors
[INFO] [EMBED] Cache lookup: 1361 hit / 0 miss (hit-rate=100.0%)
[INFO] [RANK] Completed in 3.4s → 1134 jobs
[INFO] Saved outputs/ranked_jobs.csv
[INFO] Planning search queries
[INFO] Planned 6 queries
[INFO] [SCRAPE] staff mlops engineer
[INFO] [SCRAPE] principal mlops engineer
[INFO] [SCRAPE] staff machine learning operations engineer
[INFO] [SCRAPE] principal machine learning operations engineer
[WARNING] Large cache detected: 1691 jobs. Ranking may take several minutes.
[INFO] === RANK PHASE ===
[INFO] [RANK] Starting ranking on 1691 jobs
[INFO] [FILTER] Dropped 327 senior management roles
[INFO] [RANK] Functional role classified: 100/1364
[INFO] [RANK] Functional role classified: 200/1364
[INFO] [RANK] Functional role classified: 300/1364
[INFO] [RANK] Functional role classified: 400/1364
[INFO] [RANK] Functional role classified: 500/1364
[INFO] [RANK] Functional role classified: 600/1364
[INFO] [RANK] Functional role classified: 700/1364
[INFO] [RANK] Functional role classified: 800/1364
[INFO] [RANK] Functional role classified: 900/1364
[INFO] [RANK] Functional role classified: 1000/1364
[INFO] [RANK] Functional role classified: 1100/1364
[INFO] [RANK] Functional role classified: 1200/1364
[INFO] [RANK] Functional role classified: 1300/1364
[INFO] [FILTER] Dropped 3 security/SRE roles
[INFO] [EMBED] FAISS load took 2.5 ms
[INFO] [EMBED] Loaded FAISS index with 1277 vectors
[INFO] [EMBED] Cache lookup: 1361 hit / 0 miss (hit-rate=100.0%)
[INFO] [RANK] Completed in 3.5s → 1134 jobs
[INFO] Saved users/example/default/outputs/ranked_jobs.csv
[INFO] [CORPUS] Writing user-scoped corpus → users/example/default/corpus/jobs_corpus.csv
[INFO] Rows before dedupe: 4519
[INFO] Corpus built: 1690 jobs → users/example/default/corpus/jobs_corpus.csv
[INFO] [FAISS] Using user-scoped embeddings → users/example/default/embeddings
[INFO] Building FAISS index for 1690 jobs
[INFO] [EMBED] FAISS load took 3.4 ms
[INFO] [EMBED] Loaded FAISS index with 1690 vectors
[INFO] [EMBED] Cache lookup: 1690 hit / 0 miss (hit-rate=100.0%)
[INFO] Corpus FAISS snapshot ready
[INFO] Planning search queries
[INFO] Planned 0 queries
[WARNING] Large cache detected: 1691 jobs. Ranking may take several minutes.
[INFO] === RANK PHASE ===
[INFO] [RANK] Starting ranking on 1691 jobs
[INFO] [FILTER] Dropped 327 senior management roles
[INFO] [RANK] Functional role classified: 100/1364
[INFO] [RANK] Functional role classified: 200/1364
[INFO] [RANK] Functional role classified: 300/1364
[INFO] [RANK] Functional role classified: 400/1364
[INFO] [RANK] Functional role classified: 500/1364
[INFO] [RANK] Functional role classified: 600/1364
[INFO] [RANK] Functional role classified: 700/1364
[INFO] [RANK] Functional role classified: 800/1364
[INFO] [RANK] Functional role classified: 900/1364
[INFO] [RANK] Functional role classified: 1000/1364
[INFO] [RANK] Functional role classified: 1100/1364
[INFO] [RANK] Functional role classified: 1200/1364
[INFO] [RANK] Functional role classified: 1300/1364
[INFO] [FILTER] Dropped 3 security/SRE roles
[INFO] [EMBED] FAISS load took 0.3 ms
[INFO] [EMBED] Loaded FAISS index with 1277 vectors
[INFO] [EMBED] Cache lookup: 1361 hit / 0 miss (hit-rate=100.0%)
[INFO] [RANK] Completed in 3.5s → 1134 jobs
[INFO] Saved users/example/default/outputs/ranked_jobs.csv
[INFO] Planning search queries
[INFO] Planned 0 queries
[WARNING] Large cache detected: 1691 jobs. Ranking may take several minutes.
[INFO] === RANK PHASE ===
[INFO] [RANK] Starting ranking on 1691 jobs
[INFO] [FILTER] Dropped 327 senior management roles
[INFO] [RANK] Functional role classified: 100/1364
[INFO] [RANK] Functional role classified: 200/1364
[INFO] [RANK] Functional role classified: 300/1364
[INFO] [RANK] Functional role classified: 400/1364
[INFO] [RANK] Functional role classified: 500/1364
[INFO] [RANK] Functional role classified: 600/1364
[INFO] [RANK] Functional role classified: 700/1364
[INFO] [RANK] Functional role classified: 800/1364
[INFO] [RANK] Functional role classified: 900/1364
[INFO] [RANK] Functional role classified: 1000/1364
[INFO] [RANK] Functional role classified: 1100/1364
[INFO] [RANK] Functional role classified: 1200/1364
[INFO] [RANK] Functional role classified: 1300/1364
[INFO] [FILTER] Dropped 3 security/SRE roles
[INFO] [EMBED] FAISS load took 2.0 ms
[INFO] [EMBED] Loaded FAISS index with 1277 vectors
[INFO] [EMBED] Cache lookup: 1361 hit / 0 miss (hit-rate=100.0%)
[INFO] [RANK] Completed in 11.7s → 1134 jobs
[INFO] Saved users/Vivek Gupta/default/outputs/ranked_jobs.csv
[INFO] Planning search queries
[INFO] Planned 6 queries
[INFO] [SCRAPE] staff mlops engineer
[INFO] [SCRAPE] principal mlops engineer
[INFO] [SCRAPE] staff machine learning operations engineer
[INFO] [SCRAPE] principal machine learning operations engineer
[WARNING] Large cache detected: 1691 jobs. Ranking may take several minutes.
[INFO] === RANK PHASE ===
[INFO] [RANK] Starting ranking on 1691 jobs
[INFO] [FILTER] Dropped 327 senior management roles
[INFO] [RANK] Functional role classified: 100/1364
[INFO] [RANK] Functional role classified: 200/1364
[INFO] [RANK] Functional role classified: 300/1364
[INFO] [RANK] Functional role classified: 400/1364
[INFO] [RANK] Functional role classified: 500/1364
[INFO] [RANK] Functional role classified: 600/1364
[INFO] [RANK] Functional role classified: 700/1364
[INFO] [RANK] Functional role classified: 800/1364
[INFO] [RANK] Functional role classified: 900/1364
[INFO] [RANK] Functional role classified: 1000/1364
[INFO] [RANK] Functional role classified: 1100/1364
[INFO] [RANK] Functional role classified: 1200/1364
[INFO] [RANK] Functional role classified: 1300/1364
[INFO] [FILTER] Dropped 3 security/SRE roles
[INFO] [EMBED] FAISS load took 2.4 ms
[INFO] [EMBED] Loaded FAISS index with 1277 vectors
[INFO] [EMBED] Cache lookup: 1361 hit / 0 miss (hit-rate=100.0%)
[INFO] [RANK] Completed in 3.4s → 1134 jobs
[INFO] Saved users/example/default/outputs/ranked_jobs.csv
[INFO] [CORPUS] Writing user-scoped corpus → users/example/default/corpus/jobs_corpus.csv
[INFO] Rows before dedupe: 4519
[INFO] Corpus built: 1690 jobs → users/example/default/corpus/jobs_corpus.csv
[INFO] Planning search queries
[INFO] Planned 6 queries
[INFO] [SCRAPE] staff mlops engineer
[INFO] [SCRAPE] principal mlops engineer
[INFO] [SCRAPE] staff machine learning operations engineer
[INFO] [SCRAPE] principal machine learning operations engineer
[WARNING] Large cache detected: 1691 jobs. Ranking may take several minutes.
[INFO] === RANK PHASE ===
[INFO] [RANK] Starting ranking on 1691 jobs
[INFO] [FILTER] Dropped 327 senior management roles
[INFO] [RANK] Functional role classified: 100/1364
[INFO] [RANK] Functional role classified: 200/1364
[INFO] [RANK] Functional role classified: 300/1364
[INFO] [RANK] Functional role classified: 400/1364
[INFO] [RANK] Functional role classified: 500/1364
[INFO] [RANK] Functional role classified: 600/1364
[INFO] [RANK] Functional role classified: 700/1364
[INFO] [RANK] Functional role classified: 800/1364
[INFO] [RANK] Functional role classified: 900/1364
[INFO] [RANK] Functional role classified: 1000/1364
[INFO] [RANK] Functional role classified: 1100/1364
[INFO] [RANK] Functional role classified: 1200/1364
[INFO] [RANK] Functional role classified: 1300/1364
[INFO] [FILTER] Dropped 3 security/SRE roles
[INFO] [EMBED] FAISS load took 3.9 ms
[INFO] [EMBED] Loaded FAISS index with 1277 vectors
[INFO] [EMBED] Cache lookup: 1361 hit / 0 miss (hit-rate=100.0%)
[INFO] [RANK] Completed in 3.6s → 1134 jobs
[INFO] Saved users/example/default/outputs/ranked_jobs.csv
[INFO] Planning search queries
[INFO] Planned 6 queries
[INFO] [SCRAPE] staff mlops engineer
[INFO] [SCRAPE] principal mlops engineer
[INFO] [SCRAPE] staff machine learning operations engineer
[INFO] [FLUSH] cache updated → 6 jobs
[INFO] [SCRAPE] principal machine learning operations engineer
[INFO] [CACHE PRUNE] excess query_44d1be53d0771fb77ed0d422bccf9c14
[WARNING] Large cache detected: 1697 jobs. Ranking may take several minutes.
[INFO] === RANK PHASE ===
[INFO] [RANK] Starting ranking on 1697 jobs
[INFO] [FILTER] Dropped 327 senior management roles
[INFO] Planning search queries
[INFO] Planned 6 queries
[INFO] [SCRAPE] staff mlops engineer
[INFO] [SCRAPE] principal mlops engineer
[INFO] [SCRAPE] principal machine learning operations engineer
[WARNING] Large cache detected: 1697 jobs. Ranking may take several minutes.
[INFO] === RANK PHASE ===
[INFO] [RANK] Starting ranking on 1697 jobs
[INFO] [FILTER] Dropped 327 senior roles
[INFO] [RANK] Functional role classified: 100/1370
[INFO] [RANK] Functional role classified: 200/1370
[INFO] [RANK] Functional role classified: 300/1370
[INFO] [RANK] Functional role classified: 400/1370
[INFO] [RANK] Functional role classified: 500/1370
[INFO] [RANK] Functional role classified: 600/1370
[INFO] [RANK] Functional role classified: 700/1370
[INFO] [RANK] Functional role classified: 800/1370
[INFO] [RANK] Functional role classified: 900/1370
[INFO] [RANK] Functional role classified: 1000/1370
[INFO] [RANK] Functional role classified: 1100/1370
[INFO] [RANK] Functional role classified: 1200/1370
[INFO] [RANK] Functional role classified: 1300/1370
[INFO] [FILTER] Dropped 3 blocked roles
[INFO] [EMBED] FAISS load took 3.8 ms
[INFO] [EMBED] Loaded FAISS index with 1277 vectors
[INFO] [EMBED] Cache lookup: 1367 hit / 0 miss (hit-rate=100.0%)
[INFO] [RANK] Completed in 3.5s → 1140 jobs
[INFO] [BATCH] Writing stable results
[INFO] Saved users/example/default/outputs/ranked_jobs.csv
[INFO] Planning search queries
[INFO] Planned 0 queries
[WARNING] Large cache detected: 1697 jobs. Ranking may take several minutes.
[INFO] === RANK PHASE ===
[INFO] [RANK] Starting ranking on 1697 jobs
[INFO] [FILTER] Dropped 327 senior roles
[INFO] [RANK] Functional role classified: 100/1370
[INFO] [RANK] Functional role classified: 200/1370
[INFO] [RANK] Functional role classified: 300/1370
[INFO] [RANK] Functional role classified: 400/1370
[INFO] [RANK] Functional role classified: 500/1370
[INFO] [RANK] Functional role classified: 600/1370
[INFO] [RANK] Functional role classified: 700/1370
[INFO] [RANK] Functional role classified: 800/1370
[INFO] [RANK] Functional role classified: 900/1370
[INFO] [RANK] Functional role classified: 1000/1370
[INFO] [RANK] Functional role classified: 1100/1370
[INFO] [RANK] Functional role classified: 1200/1370
[INFO] [RANK] Functional role classified: 1300/1370
[INFO] [FILTER] Dropped 3 blocked roles
[INFO] [EMBED] FAISS load took 2.7 ms
[INFO] [EMBED] Loaded FAISS index with 1277 vectors
[INFO] [EMBED] Cache lookup: 1367 hit / 0 miss (hit-rate=100.0%)
[INFO] [RANK] Completed in 11.3s → 1140 jobs
[INFO] [SCRATCH] Writing ephemeral results
[INFO] Saved users/aditya/default/scratch/ranked_jobs.csv
[INFO] Planning search queries
[INFO] Planned 6 queries
[INFO] [SCRAPE] staff mlops engineer
[INFO] [SCRAPE] principal mlops engineer
[INFO] [SCRAPE] principal machine learning operations engineer
[WARNING] Large cache detected: 1697 jobs. Ranking may take several minutes.
[INFO] === RANK PHASE ===
[INFO] [RANK] Starting ranking on 1697 jobs
[INFO] [FILTER] Dropped 327 senior roles
[INFO] [RANK] Functional role classified: 100/1370
[INFO] [RANK] Functional role classified: 200/1370
[INFO] [RANK] Functional role classified: 300/1370
[INFO] [RANK] Functional role classified: 400/1370
[INFO] [RANK] Functional role classified: 500/1370
[INFO] [RANK] Functional role classified: 600/1370
[INFO] [RANK] Functional role classified: 700/1370
[INFO] [RANK] Functional role classified: 800/1370
[INFO] [RANK] Functional role classified: 900/1370
[INFO] [RANK] Functional role classified: 1000/1370
[INFO] [RANK] Functional role classified: 1100/1370
[INFO] [RANK] Functional role classified: 1200/1370
[INFO] [RANK] Functional role classified: 1300/1370
[INFO] [FILTER] Dropped 3 blocked roles
[INFO] [EMBED] FAISS load took 2.8 ms
[INFO] [EMBED] Loaded FAISS index with 1277 vectors
[INFO] [EMBED] Cache lookup: 1367 hit / 0 miss (hit-rate=100.0%)
[INFO] [RANK] Completed in 3.5s → 1140 jobs
[INFO] [BATCH] Writing stable results
[INFO] Saved users/example/default/outputs/ranked_jobs.csv
[INFO] Planning search queries
[INFO] Planned 0 queries
[WARNING] No cached job files found
[INFO] === RANK PHASE ===
[INFO] [SCRATCH] Writing ephemeral results
[INFO] Saved users/aditya/network_engineer/scratch/ranked_jobs.csv
[INFO] Planning search queries
[INFO] Planned 0 queries
[WARNING] No cached job files found
[INFO] === RANK PHASE ===
[INFO] [SCRATCH] Writing ephemeral results
[INFO] Saved users/aditya/network_engineer/scratch/ranked_jobs.csv
[INFO] Planning search queries
[INFO] Planned 0 queries
[WARNING] No cached job files found
[INFO] === RANK PHASE ===
[INFO] [SCRATCH] Writing ephemeral results
[INFO] Saved users/aditya/network_engineer/scratch/ranked_jobs.csv
[INFO] Planning search queries
[INFO] Planned 4 queries
[INFO] [SCRAPE] senior mlops engineer
[INFO] [FLUSH] cache updated → 3 jobs
[INFO] [SCRAPE] senior generative ai engineer
[INFO] [FLUSH] cache updated → 9 jobs
[INFO] [SCRAPE] senior llmops engineer
[INFO] [FLUSH] cache updated → 1 jobs
[INFO] [SCRAPE] forward deployed engineer - machine learning
[WARNING] No cached job files found
[INFO] === RANK PHASE ===
[INFO] [BATCH] Writing stable results
[INFO] Saved users/example/default/outputs/ranked_jobs.csv
[INFO] Planning search queries
[INFO] Planning search queries
[INFO] Planned 0 queries
[WARNING] No cached job files found
[INFO] === RANK PHASE ===
[INFO] [SCRATCH] Writing ephemeral results
[INFO] Saved users/example/default/scratch/ranked_jobs.csv
[INFO] Planning search queries
[INFO] Planned 0 queries
[WARNING] No cached job files found
[INFO] === RANK PHASE ===
[INFO] [SCRATCH] Writing ephemeral results
[INFO] Saved users/example/default/scratch/ranked_jobs.csv
[INFO] Planning search queries
[INFO] Planned 0 queries
[WARNING] No cached job files found
[INFO] === RANK PHASE ===
[INFO] [SCRATCH] Writing ephemeral results
[INFO] Saved users/example/default/scratch/ranked_jobs.csv
[INFO] Planning search queries
[INFO] Planned 0 queries
[WARNING] No cached job files found
[INFO] === RANK PHASE ===
[INFO] [SCRATCH] Writing ephemeral results
[INFO] Saved users/example/default/scratch/ranked_jobs.csv
[INFO] Planning search queries
[INFO] Planned 0 queries
[WARNING] No cached job files found
[INFO] === RANK PHASE ===
[INFO] [SCRATCH] Writing ephemeral results
[INFO] Saved users/example/default/scratch/ranked_jobs.csv
[INFO] Planning search queries
[INFO] Planning search queries
[INFO] Planned 0 queries
[INFO] [CACHE PRUNE] excess query_0c037951d236422e74ea5f0160a861f7
[INFO] [CACHE PRUNE] excess query_3e55f6845581cc3dd255c36275c9cb68
[WARNING] Large cache detected: 1691 jobs. Ranking may take several minutes.
[INFO] === RANK PHASE ===
[INFO] [RANK] Starting ranking on 1691 jobs
[INFO] [FILTER] Dropped 322 senior roles
[INFO] [RANK] Functional role classified: 100/1369
[INFO] [RANK] Functional role classified: 200/1369
[INFO] [RANK] Functional role classified: 300/1369
[INFO] [RANK] Functional role classified: 400/1369
[INFO] [RANK] Functional role classified: 500/1369
[INFO] [RANK] Functional role classified: 600/1369
[INFO] [RANK] Functional role classified: 700/1369
[INFO] [RANK] Functional role classified: 800/1369
[INFO] [RANK] Functional role classified: 900/1369
[INFO] [RANK] Functional role classified: 1000/1369
[INFO] [RANK] Functional role classified: 1100/1369
[INFO] [RANK] Functional role classified: 1200/1369
[INFO] [RANK] Functional role classified: 1300/1369
[INFO] [FILTER] Dropped 3 blocked roles
[INFO] [EMBED] FAISS load took 2.8 ms
[INFO] [EMBED] Loaded FAISS index with 1277 vectors
[INFO] [EMBED] Cache lookup: 1365 hit / 1 miss (hit-rate=99.9%)
[INFO] [EMBED] FAISS add (1 vectors) took 0.2 ms
[INFO] [EMBED] FAISS save took 1.6 ms
[INFO] [RANK] Completed in 3.5s → 1140 jobs
[INFO] [SCRATCH] Writing ephemeral results
[INFO] Saved users/example/default/scratch/ranked_jobs.csv
[INFO] Planning search queries
[INFO] Planned 3 queries
[INFO] [SCRAPE] senior mlops engineer
[INFO] [FLUSH] cache updated → 7 jobs
[INFO] [SCRAPE] staff mlops engineer
[INFO] [SCRAPE] principal mlops engineer
[INFO] [FLUSH] cache updated → 1 jobs
[INFO] [FILTER] Dropped 1 Manager/Principal roles (hard block)
[INFO] [CACHE PRUNE] excess query_97c57d3137bb225a2c635dd56268c7d7
[INFO] [CACHE PRUNE] excess query_ca3200c0c47ef6ee259ccc087dfdbbfd
[WARNING] Large cache detected: 1694 jobs. Ranking may take several minutes.
[INFO] === RANK PHASE ===
[INFO] [RANK] Starting ranking on 1694 jobs
[INFO] [FILTER] Dropped 323 senior roles
[INFO] [RANK] Functional role classified: 100/1371
[INFO] [RANK] Functional role classified: 200/1371
[INFO] [RANK] Functional role classified: 300/1371
[INFO] [RANK] Functional role classified: 400/1371
[INFO] [RANK] Functional role classified: 500/1371
[INFO] [RANK] Functional role classified: 600/1371
[INFO] [RANK] Functional role classified: 700/1371
[INFO] [RANK] Functional role classified: 800/1371
[INFO] [RANK] Functional role classified: 900/1371
[INFO] [RANK] Functional role classified: 1000/1371
[INFO] [RANK] Functional role classified: 1100/1371
[INFO] [RANK] Functional role classified: 1200/1371
[INFO] [RANK] Functional role classified: 1300/1371
[INFO] [FILTER] Dropped 3 blocked roles
[INFO] [EMBED] FAISS load took 2.5 ms
[INFO] [EMBED] Loaded FAISS index with 1278 vectors
[INFO] [EMBED] Cache lookup: 1368 hit / 0 miss (hit-rate=100.0%)
[INFO] [RANK] Completed in 3.5s → 1142 jobs
[INFO] [SCRATCH] Writing ephemeral results
[INFO] Saved users/example/default/scratch/ranked_jobs.csv
[INFO] Planning search queries
[INFO] Planned 10 queries
[INFO] [SCRAPE] senior mlops engineer
[INFO] [FLUSH] cache updated → 7 jobs
[INFO] [SCRAPE] mlops engineer
[INFO] [FLUSH] cache updated → 13 jobs
[INFO] [SCRAPE] senior genai engineer
[INFO] [FLUSH] cache updated → 10 jobs
[INFO] [SCRAPE] genai engineer
[INFO] [FLUSH] cache updated → 21 jobs
[INFO] [SCRAPE] senior llmops engineer
[INFO] [FLUSH] cache updated → 1 jobs
[INFO] [SCRAPE] llmops engineer
[INFO] [FLUSH] cache updated → 3 jobs
[INFO] [SCRAPE] generative ai engineer
[INFO] [FLUSH] cache updated → 29 jobs
[INFO] [SCRAPE] senior generative ai engineer
[INFO] [FLUSH] cache updated → 10 jobs
[INFO] [SCRAPE] senior software engineer
[INFO] [FLUSH] cache updated → 76 jobs
[INFO] [SCRAPE] forward deployed engineer
[INFO] [FILTER] Dropped 1 Manager/Principal roles (hard block)
[WARNING] No cached job files found
[INFO] === RANK PHASE ===
[INFO] [SCRATCH] Writing ephemeral results
[INFO] Saved users/example/default/scratch/ranked_jobs.csv
[INFO] Planning search queries
[INFO] Planned 4 queries
[INFO] [SCRAPE] senior network automation engineer
[INFO] [FLUSH] cache updated → 13 jobs
[INFO] [SCRAPE] network infrastructure automation engineer
[INFO] [FLUSH] cache updated → 21 jobs
[INFO] [SCRAPE] senior network operations automation engineer
[INFO] [FLUSH] cache updated → 6 jobs
[INFO] [SCRAPE] senior firewall automation engineer
[INFO] [FLUSH] cache updated → 3 jobs
[WARNING] No cached job files found
[INFO] === RANK PHASE ===
[INFO] [SCRATCH] Writing ephemeral results
[INFO] Saved users/Aditya Mishra/network_engineer/scratch/ranked_jobs.csv
[INFO] Planning search queries
[INFO] Planned 4 queries
[INFO] [SCRAPE] senior network automation engineer
[INFO] [FLUSH] cache updated → 10 jobs
[INFO] [SCRAPE] network infrastructure automation engineer
[INFO] [FLUSH] cache updated → 19 jobs
[INFO] [SCRAPE] senior network operations automation engineer
[INFO] [FLUSH] cache updated → 4 jobs
[INFO] [SCRAPE] senior firewall automation engineer
[INFO] [FLUSH] cache updated → 2 jobs
[INFO] === RANK PHASE ===
[INFO] [RANK] Starting ranking on 21 jobs
[INFO] [FILTER] Dropped 1 senior roles
[INFO] [FILTER] Dropped 1 blocked roles
[INFO] [EMBED] FAISS load took 2.1 ms
[INFO] [EMBED] Loaded FAISS index with 1278 vectors
[INFO] [EMBED] Cache lookup: 2 hit / 17 miss (hit-rate=10.5%)
[INFO] [EMBED] FAISS add (17 vectors) took 0.3 ms
[INFO] [EMBED] FAISS save took 1.2 ms
[INFO] [RANK] Completed in 14.1s → 15 jobs
[INFO] [BATCH] Writing stable results
[INFO] Saved users/Aditya Mishra/network_engineer/outputs/ranked_jobs.csv
[INFO] Planning search queries
[INFO] Planned 4 queries
[INFO] [SCRAPE] senior network automation engineer
[INFO] [FLUSH] cache updated → 10 jobs
[INFO] [SCRAPE] network infrastructure automation engineer
[INFO] [FLUSH] cache updated → 19 jobs
[INFO] [SCRAPE] senior network operations automation engineer
[INFO] [FLUSH] cache updated → 4 jobs
[INFO] [SCRAPE] senior firewall automation engineer
[INFO] [FLUSH] cache updated → 2 jobs
[INFO] === RANK PHASE ===
[INFO] [RANK] Starting ranking on 21 jobs
[INFO] [FILTER] Dropped 1 senior roles
[INFO] [FILTER] Dropped 1 blocked roles
[INFO] [EMBED] FAISS load took 3.1 ms
[INFO] [EMBED] Loaded FAISS index with 1295 vectors
[INFO] [EMBED] Cache lookup: 19 hit / 0 miss (hit-rate=100.0%)
[INFO] [RANK] Completed in 3.4s → 15 jobs
[INFO] [BATCH] Writing stable results
[INFO] Saved users/Aditya Mishra/network_engineer/outputs/ranked_jobs.csv
[INFO] Planning search queries
[INFO] Planned 4 queries
[INFO] [SCRAPE] senior network automation engineer
[INFO] [FLUSH] cache updated → 10 jobs
[INFO] [SCRAPE] network infrastructure automation engineer
[INFO] [FLUSH] cache updated → 19 jobs
[INFO] [SCRAPE] senior network operations automation engineer
[INFO] [FLUSH] cache updated → 4 jobs
[INFO] [SCRAPE] senior firewall automation engineer
[INFO] [FLUSH] cache updated → 2 jobs
[INFO] === RANK PHASE ===
[INFO] [RANK] Starting ranking on 21 jobs
[INFO] [FILTER] Dropped 1 senior roles
[INFO] [FILTER] Dropped 1 blocked roles
[INFO] [EMBED] FAISS load took 3.6 ms
[INFO] [EMBED] Loaded FAISS index with 1295 vectors
[INFO] [EMBED] Cache lookup: 19 hit / 0 miss (hit-rate=100.0%)
[INFO] [RANK] Completed in 3.1s → 15 jobs
[INFO] [BATCH] Writing stable results
[INFO] Saved users/Aditya Mishra/network_engineer/outputs/ranked_jobs.csv
[INFO] Planning search queries
[INFO] Planned 4 queries
[INFO] [SCRAPE] senior network automation engineer
[INFO] [FLUSH] cache updated → 10 jobs
[INFO] [SCRAPE] network infrastructure automation engineer
[INFO] [FLUSH] cache updated → 19 jobs
[INFO] [SCRAPE] senior network operations automation engineer
[INFO] [FLUSH] cache updated → 4 jobs
[INFO] [SCRAPE] senior firewall automation engineer
[INFO] [FLUSH] cache updated → 2 jobs
[INFO] === RANK PHASE ===
[INFO] [RANK] Starting ranking on 21 jobs
[INFO] [FILTER] Dropped 1 senior roles
[INFO] [FILTER] Dropped 1 blocked roles
[INFO] [EMBED] FAISS load took 3.7 ms
[INFO] [EMBED] Loaded FAISS index with 1295 vectors
[INFO] [EMBED] Cache lookup: 19 hit / 0 miss (hit-rate=100.0%)
[INFO] [RANK] Completed in 3.2s → 15 jobs
[INFO] [BATCH] Writing stable results
[INFO] Saved users/Aditya Mishra/network_engineer/outputs/ranked_jobs.csv
[INFO] Planning search queries
[INFO] Planned 4 queries
[INFO] [SCRAPE] senior network automation engineer
[INFO] [FLUSH] cache updated → 10 jobs
[INFO] [SCRAPE] network infrastructure automation engineer
[INFO] [FLUSH] cache updated → 19 jobs
[INFO] [SCRAPE] senior network operations automation engineer
[INFO] [FLUSH] cache updated → 4 jobs
[INFO] [SCRAPE] senior firewall automation engineer
[INFO] [FLUSH] cache updated → 2 jobs
[INFO] [CACHE PRUNE] excess query_19e9db4893145dd5eebbf6a5b9dfbf95
[INFO] [CACHE PRUNE] excess query_d5081abd079817b6b94c1bc5d7f8f1ba
[INFO] [CACHE PRUNE] excess query_dba85d2198be7c756d5671c28e9fade8
[INFO] [CACHE PRUNE] excess query_d830969f0c0c92d315be2f59ef98cc18
[INFO] [CACHE PRUNE] excess query_36cf2976a5ca69d52dc64b52bd0b5e6b
[INFO] [CACHE PRUNE] excess query_fbab9eaf32f009d8ca03d894fe72128f
[INFO] [CACHE PRUNE] excess query_7ef8dd029f8b4e572dbba324308ba70e
[INFO] [CACHE PRUNE] excess query_bd7922b9ded7b4b05c510aeb01b83120
[INFO] [CACHE PRUNE] excess query_5f7ce559f27225f3d57ba17f021152d9
[INFO] [CACHE PRUNE] excess query_41802c770c2f894866ed50d08937149c
[INFO] [CACHE PRUNE] excess query_50e06f77000d6fa04b68a37750e02c2c
[INFO] [CACHE PRUNE] excess query_5578246bb9c4e40f19fba91c77222b03
[INFO] [CACHE PRUNE] excess query_c2765b2228b67fb9ecfd776a26a616d0
[INFO] [CACHE PRUNE] excess query_c8d1727bf7e4cd2e98b15edc32ec2402
[INFO] [CACHE PRUNE] excess query_6cd4a01bc50a458cb2971b63e41e5b2d
[INFO] [CACHE PRUNE] excess query_500f61b99193c51032de219d5c2849f1
[INFO] [CACHE PRUNE] excess query_0989e0c72ac368bea901e59e000484a1
[WARNING] Large cache detected: 1672 jobs. Ranking may take several minutes.
[INFO] === RANK PHASE ===
[INFO] [RANK] Starting ranking on 1672 jobs
[INFO] [FILTER] Dropped 305 senior roles
[INFO] [RANK] Functional role classified: 100/1367
[INFO] [RANK] Functional role classified: 200/1367
[INFO] [RANK] Functional role classified: 300/1367
[INFO] [RANK] Functional role classified: 400/1367
[INFO] [RANK] Functional role classified: 500/1367
[INFO] [RANK] Functional role classified: 600/1367
[INFO] [RANK] Functional role classified: 700/1367
[INFO] [RANK] Functional role classified: 800/1367
[INFO] [RANK] Functional role classified: 900/1367
[INFO] [RANK] Functional role classified: 1000/1367
[INFO] [RANK] Functional role classified: 1100/1367
[INFO] [RANK] Functional role classified: 1200/1367
[INFO] [RANK] Functional role classified: 1300/1367
[INFO] [FILTER] Dropped 4 blocked roles
[INFO] [EMBED] FAISS load took 3.9 ms
[INFO] [EMBED] Loaded FAISS index with 1295 vectors
[INFO] [EMBED] Cache lookup: 1318 hit / 45 miss (hit-rate=96.7%)
[INFO] [EMBED] FAISS add (45 vectors) took 0.1 ms
[INFO] [EMBED] FAISS save took 1.7 ms
[INFO] [RANK] Completed in 3.6s → 1148 jobs
[INFO] [BATCH] Writing stable results
[INFO] Saved users/Aditya Mishra/network_engineer/outputs/ranked_jobs.csv
[INFO] Planning search queries
[INFO] Planned 4 queries
[INFO] [SCRAPE] senior network automation engineer
[INFO] [FLUSH] cache updated → 10 jobs
[INFO] [SCRAPE] network infrastructure automation engineer
[INFO] [FLUSH] cache updated → 19 jobs
[INFO] [SCRAPE] senior network operations automation engineer
[INFO] [FLUSH] cache updated → 4 jobs
[INFO] [SCRAPE] senior firewall automation engineer
[INFO] [FLUSH] cache updated → 2 jobs
[INFO] === RANK PHASE ===
[INFO] [RANK] Starting ranking on 21 jobs
[INFO] [FILTER] Dropped 1 senior roles
[INFO] [FILTER] Dropped 1 blocked roles
[INFO] [EMBED] Cache lookup: 0 hit / 19 miss (hit-rate=0.0%)
[INFO] [EMBED] FAISS add (19 vectors) took 0.1 ms
[INFO] [EMBED] FAISS save took 0.8 ms
[INFO] [RANK] Completed in 3.3s → 15 jobs
[INFO] [BATCH] Writing stable results
[INFO] Saved users/Aditya Mishra/network_engineer/outputs/ranked_jobs.csv
[INFO] Planning search queries
[INFO] Planned 5 queries
[INFO] [SCRAPE] senior network automation engineer
[INFO] [FLUSH] cache updated → 195 jobs
[INFO] [SCRAPE] senior network infrastructure automation engineer
[INFO] [FLUSH] cache updated → 193 jobs
[INFO] [SCRAPE] senior network operations automation engineer
[INFO] [FLUSH] cache updated → 193 jobs
[INFO] [SCRAPE] senior firewall automation engineer
[INFO] [FLUSH] cache updated → 111 jobs
[INFO] [SCRAPE] senior firewall decommissioning automation engineer
[INFO] [FLUSH] cache updated → 2 jobs
[INFO] [FILTER] Dropped 13 Manager/Principal roles (hard block)
[INFO] === RANK PHASE ===
[INFO] [RANK] Starting ranking on 380 jobs
[INFO] [FILTER] Dropped 58 senior roles
[INFO] [RANK] Functional role classified: 100/322
[INFO] [RANK] Functional role classified: 200/322
[INFO] [RANK] Functional role classified: 300/322
[INFO] [FILTER] Dropped 22 blocked roles
[INFO] [EMBED] Cache lookup: 0 hit / 300 miss (hit-rate=0.0%)
[INFO] [EMBED] FAISS add (300 vectors) took 0.8 ms
[INFO] [EMBED] FAISS save took 1.6 ms
[INFO] [RANK] Completed in 3.7s → 238 jobs
[INFO] [BATCH] Writing stable results
[INFO] Saved users/Aditya Mishra/network_engineer/outputs/ranked_jobs.csv
[INFO] Planning search queries
[INFO] Planned 5 queries
[INFO] [SCRAPE] senior network automation engineer
[INFO] [FLUSH] cache updated → 385 jobs
[INFO] [SCRAPE] senior network infrastructure automation engineer
[INFO] [FLUSH] cache updated → 391 jobs
[INFO] [SCRAPE] senior network operations automation engineer
[INFO] [FLUSH] cache updated → 392 jobs
[INFO] [SCRAPE] senior firewall automation engineer
[INFO] [FLUSH] cache updated → 176 jobs
[INFO] [SCRAPE] senior firewall decommissioning automation engineer
[INFO] [FLUSH] cache updated → 3 jobs
[INFO] [FILTER] Dropped 22 Manager/Principal roles (hard block)
[WARNING] Large cache detected: 735 jobs. Ranking may take several minutes.
[INFO] === RANK PHASE ===
[INFO] [RANK] Starting ranking on 735 jobs
[INFO] [FILTER] Dropped 115 senior roles
[INFO] [RANK] Functional role classified: 100/620
[INFO] [RANK] Functional role classified: 200/620
[INFO] [RANK] Functional role classified: 300/620
[INFO] [RANK] Functional role classified: 400/620
[INFO] [RANK] Functional role classified: 500/620
[INFO] [RANK] Functional role classified: 600/620
[INFO] [FILTER] Dropped 35 blocked roles
[INFO] [EMBED] Cache lookup: 0 hit / 585 miss (hit-rate=0.0%)
[INFO] [EMBED] FAISS add (585 vectors) took 0.6 ms
[INFO] [EMBED] FAISS save took 1.2 ms
[INFO] [RANK] Completed in 4.0s → 475 jobs
[INFO] [BATCH] Writing stable results
[INFO] Saved users/Aditya Mishra/network_engineer/outputs/ranked_jobs.csv
[INFO] Planning search queries
[INFO] Planned 4 queries
[INFO] [SCRAPE] senior network automation engineer
[INFO] [FLUSH] cache updated → 243 jobs
[INFO] [SCRAPE] network infrastructure automation engineer
[INFO] [FLUSH] cache updated → 338 jobs
[INFO] [SCRAPE] senior network operations automation engineer
[INFO] [FLUSH] cache updated → 132 jobs
[INFO] [SCRAPE] senior firewall automation engineer
[INFO] [FLUSH] cache updated → 48 jobs
[INFO] [FILTER] Dropped 12 Manager/Principal roles (hard block)
[INFO] === RANK PHASE ===
[INFO] [RANK] Starting ranking on 437 jobs
[INFO] [FILTER] Dropped 63 senior roles
[INFO] [RANK] Functional role classified: 100/374
[INFO] [RANK] Functional role classified: 200/374
[INFO] [RANK] Functional role classified: 300/374
[INFO] [FILTER] Dropped 24 blocked roles
[INFO] [EMBED] Cache lookup: 0 hit / 350 miss (hit-rate=0.0%)
[INFO] [EMBED] FAISS add (350 vectors) took 1.2 ms
[INFO] [EMBED] FAISS save took 1.4 ms
[INFO] [RANK] Completed in 3.8s → 288 jobs
[INFO] [BATCH] Writing stable results
[INFO] Saved users/Aditya Mishra/network_engineer/outputs/ranked_jobs.csv
[INFO] Planning search queries
[INFO] Planned 5 queries
[INFO] [SCRAPE] senior network automation engineer
[INFO] [FLUSH] cache updated → 243 jobs
[INFO] [SCRAPE] senior network infrastructure automation engineer
[INFO] [FLUSH] cache updated → 153 jobs
[INFO] [SCRAPE] senior network operations automation engineer
[INFO] [FLUSH] cache updated → 132 jobs
[INFO] [SCRAPE] senior firewall automation engineer
[INFO] [FLUSH] cache updated → 48 jobs
[INFO] [SCRAPE] senior firewall decommissioning automation engineer
[INFO] [FILTER] Dropped 6 Manager/Principal roles (hard block)
[INFO] === RANK PHASE ===
[INFO] [RANK] Starting ranking on 252 jobs
[INFO] [FILTER] Dropped 34 senior roles
[INFO] [RANK] Functional role classified: 100/218
[INFO] [RANK] Functional role classified: 200/218
[INFO] [FILTER] Dropped 13 blocked roles
[INFO] [EMBED] Cache lookup: 0 hit / 205 miss (hit-rate=0.0%)
[INFO] [EMBED] FAISS add (205 vectors) took 0.5 ms
[INFO] [EMBED] FAISS save took 1.2 ms
[INFO] [RANK] Completed in 3.6s → 170 jobs
[INFO] [BATCH] Writing stable results
[INFO] Saved users/Aditya Mishra/network_engineer/outputs/ranked_jobs.csv
[INFO] Planning search queries
[INFO] Planned 5 queries
[INFO] [SCRAPE] senior network automation engineer
[INFO] [FLUSH] cache updated → 977 jobs
[INFO] [SCRAPE] senior network infrastructure automation engineer
[INFO] [FLUSH] cache updated → 592 jobs
[INFO] [SCRAPE] senior network operations automation engineer
[INFO] [FLUSH] cache updated → 558 jobs
[INFO] [SCRAPE] senior firewall automation engineer
[INFO] [FLUSH] cache updated → 176 jobs
[INFO] [SCRAPE] senior firewall decommissioning automation engineer
[INFO] [FLUSH] cache updated → 3 jobs
[INFO] [FILTER] Dropped 30 Manager/Principal roles (hard block)
[WARNING] Large cache detected: 1074 jobs. Ranking may take several minutes.
[INFO] === RANK PHASE ===
[INFO] [RANK] Starting ranking on 1074 jobs
[INFO] [FILTER] Dropped 161 senior roles
[INFO] [RANK] Functional role classified: 100/913
[INFO] [RANK] Functional role classified: 200/913
[INFO] [RANK] Functional role classified: 300/913
[INFO] [RANK] Functional role classified: 400/913
[INFO] [RANK] Functional role classified: 500/913
[INFO] [RANK] Functional role classified: 600/913
[INFO] [RANK] Functional role classified: 700/913
[INFO] [RANK] Functional role classified: 800/913
[INFO] [RANK] Functional role classified: 900/913
[INFO] [FILTER] Dropped 38 blocked roles
[INFO] [EMBED] Cache lookup: 0 hit / 875 miss (hit-rate=0.0%)
[INFO] [EMBED] FAISS add (875 vectors) took 0.7 ms
[INFO] [EMBED] FAISS save took 2.0 ms
[INFO] [RANK] Completed in 4.4s → 719 jobs
[INFO] [BATCH] Writing stable results
[INFO] Saved users/Aditya Mishra/network_engineer/outputs/ranked_jobs.csv
[INFO] Planning search queries
[INFO] Planned 4 queries
[INFO] [SCRAPE] senior network automation engineer
[INFO] [FLUSH] cache updated → 9 jobs
[INFO] [SCRAPE] network infrastructure automation engineer
[INFO] [FLUSH] cache updated → 16 jobs
[INFO] [SCRAPE] senior network operations automation engineer
[INFO] [FLUSH] cache updated → 3 jobs
[INFO] [SCRAPE] firewall automation engineer
[INFO] [FLUSH] cache updated → 3 jobs
[INFO] [CACHE] Using cache dir: users/Aditya Mishra/network_engineer/cache
[INFO] === RANK PHASE ===
[INFO] [RANK] Starting ranking on 18 jobs
[INFO] [FILTER] Dropped 1 senior roles
[INFO] [EMBED] Cache lookup: 0 hit / 17 miss (hit-rate=0.0%)
[INFO] [EMBED] FAISS add (17 vectors) took 0.1 ms
[INFO] [EMBED] FAISS save took 1.0 ms
[INFO] [RANK] Completed in 3.4s → 13 jobs
[INFO] [BATCH] Writing stable results
[INFO] Saved users/Aditya Mishra/network_engineer/outputs/ranked_jobs.csv
[INFO] Planning search queries
[INFO] Planned 0 queries
[INFO] [CACHE] Using cache dir: users/example/default/cache
[WARNING] No cached job files found
[INFO] === RANK PHASE ===
[INFO] [BATCH] Writing stable results
[INFO] Saved users/example/default/outputs/ranked_jobs.csv
[INFO] Planning search queries
[INFO] Planned 5 queries
[INFO] [SCRAPE] senior network automation engineer
[INFO] [FLUSH] cache updated → 9 jobs
[INFO] [SCRAPE] senior network infrastructure automation engineer
[INFO] [FLUSH] cache updated → 7 jobs
[INFO] [SCRAPE] senior network operations automation engineer
[INFO] [FLUSH] cache updated → 3 jobs
[INFO] [SCRAPE] senior firewall automation engineer
[INFO] [FLUSH] cache updated → 1 jobs
[INFO] [SCRAPE] senior firewall decommissioning automation engineer
[INFO] [CACHE] Using cache dir: users/Aditya Mishra/network_engineer/cache
[INFO] === RANK PHASE ===
[INFO] [RANK] Starting ranking on 9 jobs
[INFO] [FILTER] Dropped 1 senior roles
[INFO] Planning search queries
[INFO] Planned 5 queries
[INFO] [SCRAPE] senior network automation engineer
[INFO] [FLUSH] cache updated → 9 jobs
[INFO] [SCRAPE] senior network infrastructure automation engineer
[INFO] [FLUSH] cache updated → 7 jobs
[INFO] [SCRAPE] senior network operations automation engineer
[INFO] [FLUSH] cache updated → 3 jobs
[INFO] [SCRAPE] senior firewall automation engineer
[INFO] [FLUSH] cache updated → 1 jobs
[INFO] [SCRAPE] senior firewall decommissioning automation engineer
[INFO] [CACHE] Using cache dir: users/Aditya Mishra/network_engineer/cache
[INFO] === RANK PHASE ===
[INFO] [RANK] Starting ranking on 9 jobs
[INFO] [FILTER] Dropped 1 senior roles
[INFO] [EMBED] Cache lookup: 0 hit / 8 miss (hit-rate=0.0%)
[INFO] [EMBED] FAISS add (8 vectors) took 0.1 ms
[INFO] [EMBED] FAISS save took 1.1 ms
[INFO] Planning search queries
[INFO] Planned 5 queries
[INFO] [SCRAPE] senior network automation engineer
[INFO] [FLUSH] cache updated → 9 jobs
[INFO] [SCRAPE] senior network infrastructure automation engineer
[INFO] [FLUSH] cache updated → 7 jobs
[INFO] [SCRAPE] senior network operations automation engineer
[INFO] [FLUSH] cache updated → 3 jobs
[INFO] [SCRAPE] senior firewall automation engineer
[INFO] [FLUSH] cache updated → 1 jobs
[INFO] [SCRAPE] senior firewall decommissioning automation engineer
[INFO] [CACHE] Using cache dir: users/Aditya Mishra/network_engineer/cache
[INFO] === RANK PHASE ===
[INFO] [RANK] Starting ranking on 9 jobs
[INFO] [FILTER] Dropped 1 senior roles
[INFO] [EMBED] FAISS load took 1.9 ms
[INFO] [EMBED] Loaded FAISS index with 8 vectors
[INFO] [EMBED] Cache lookup: 8 hit / 0 miss (hit-rate=100.0%)
[INFO] [RANK] Completed in 3.1s → 7 jobs
[INFO] [BATCH] Writing stable results
[INFO] Saved users/Aditya Mishra/network_engineer/outputs/ranked_jobs.csv
[INFO] Planning search queries
[INFO] Planned 5 queries
[INFO] [SCRAPE] senior network automation engineer
[INFO] [FLUSH] cache updated → 310 jobs
[INFO] [SCRAPE] senior network infrastructure automation engineer
[INFO] [FLUSH] cache updated → 191 jobs
[INFO] [SCRAPE] senior network operations automation engineer
[INFO] [FLUSH] cache updated → 163 jobs
[INFO] [SCRAPE] senior firewall automation engineer
[INFO] [FLUSH] cache updated → 57 jobs
[INFO] [SCRAPE] senior firewall decommissioning automation engineer
[INFO] [FLUSH] cache updated → 2 jobs
[INFO] [FILTER] Dropped 7 Manager/Principal roles (hard block)
[INFO] [CACHE] Using cache dir: users/Aditya Mishra/network_engineer/cache
[INFO] === RANK PHASE ===
[INFO] [RANK] Starting ranking on 323 jobs
[INFO] [FILTER] Dropped 35 senior roles
[INFO] [RANK] Functional role classified: 100/288
[INFO] [RANK] Functional role classified: 200/288
[INFO] [EMBED] FAISS load took 2.0 ms
[INFO] [EMBED] Loaded FAISS index with 8 vectors
[INFO] [EMBED] Cache lookup: 8 hit / 280 miss (hit-rate=2.8%)
[INFO] [EMBED] FAISS add (280 vectors) took 0.4 ms
[INFO] [EMBED] FAISS save took 1.5 ms
[INFO] [RANK] Completed in 3.7s → 239 jobs
[INFO] [BATCH] Writing stable results
[INFO] Saved users/Aditya Mishra/network_engineer/outputs/ranked_jobs.csv
[INFO] Planning search queries
[INFO] Planned 3 queries
[INFO] [SCRAPE] senior mlops engineer
[INFO] [SCRAPE] staff mlops engineer
[INFO] [SCRAPE] principal mlops engineer
[INFO] [FLUSH] cache updated → 1 jobs
[INFO] [FILTER] Dropped 1 Manager/Principal roles (hard block)
[INFO] [CACHE] Using cache dir: users/example/default/cache
[INFO] === RANK PHASE ===
[INFO] [RANK] Starting ranking on 324 jobs
[INFO] [FILTER] Dropped 36 senior roles
[INFO] [RANK] Functional role classified: 100/288
[INFO] [RANK] Functional role classified: 200/288
[INFO] [EMBED] FAISS load took 3.9 ms
[INFO] [EMBED] Loaded FAISS index with 1690 vectors
[INFO] [EMBED] Cache lookup: 77 hit / 211 miss (hit-rate=26.7%)
[INFO] [EMBED] FAISS add (211 vectors) took 0.3 ms
[INFO] [EMBED] FAISS save took 2.5 ms
[INFO] [RANK] Completed in 3.5s → 239 jobs
[INFO] [BATCH] Writing stable results
[INFO] Saved users/example/default/outputs/ranked_jobs.csv
[INFO] [FAISS] Using user-scoped embeddings → users/example/default/embeddings
[INFO] [FAISS] Building embeddings for 1690 corpus jobs
[INFO] Planning search queries
[INFO] Planned 3 queries
[INFO] [SCRAPE] senior mlops engineer
[INFO] [FLUSH] cache updated → 6 jobs
[INFO] [SCRAPE] staff mlops engineer
[INFO] [SCRAPE] principal mlops engineer
[INFO] [FLUSH] cache updated → 1 jobs
[INFO] [FILTER] Dropped 1 Manager/Principal roles (hard block)
[INFO] [CACHE] Using cache dir: users/example/default/cache
[INFO] === RANK PHASE ===
[INFO] [RANK] Starting ranking on 329 jobs
[INFO] [FILTER] Dropped 37 senior roles
[INFO] [RANK] Functional role classified: 100/292
[INFO] [RANK] Functional role classified: 200/292
[INFO] [EMBED] Cache lookup: 0 hit / 292 miss (hit-rate=0.0%)
[INFO] [EMBED] FAISS add (292 vectors) took 0.5 ms
[INFO] [EMBED] FAISS save took 1.9 ms
[INFO] [FAISS] Using user-scoped embeddings → users/example/default/embeddings
[INFO] [FAISS] Building embeddings for 1690 corpus jobs
[INFO] [FAISS] Using user-scoped embeddings → users/example/default/embeddings
[INFO] [FAISS] Building embeddings for 1690 corpus jobs
[INFO] [EMBED] FAISS load took 2.3 ms
[INFO] [EMBED] Loaded FAISS index with 292 vectors
[INFO] [EMBED] Cache lookup: 0 hit / 1690 miss (hit-rate=0.0%)
[INFO] [FAISS] Embedding 1690 new corpus rows
[INFO] [EMBED] FAISS add (1690 vectors) took 0.7 ms
[INFO] [EMBED] FAISS save took 3.9 ms
[INFO] [FAISS] Corpus FAISS snapshot ready
[INFO] Planning search queries
[INFO] Planned 3 queries
[INFO] [SCRAPE] staff mlops engineer
[INFO] [FILTER] Dropped 1 Manager/Principal roles (hard block)
[INFO] [CACHE] Using cache dir: users/example/default/cache
[INFO] === RANK PHASE ===
[INFO] [RANK] Starting ranking on 329 jobs
[INFO] [FILTER] Dropped 37 senior roles
[INFO] [RANK] Functional role classified: 100/292
[INFO] [RANK] Functional role classified: 200/292
[INFO] [EMBED] FAISS load took 0.5 ms
[INFO] [EMBED] Loaded FAISS index with 1982 vectors
[INFO] [EMBED] Cache lookup: 292 hit / 0 miss (hit-rate=100.0%)
[INFO] [RANK] Completed in 3.2s → 243 jobs
[INFO] [BATCH] Writing stable results
[INFO] Saved users/example/default/outputs/ranked_jobs.csv
[INFO] Planning search queries
[INFO] Planned 3 queries
[INFO] [SCRAPE] senior mlops engineer
[INFO] [FLUSH] cache updated → 6 jobs
[INFO] [SCRAPE] staff mlops engineer
[INFO] [SCRAPE] principal mlops engineer
[INFO] [FLUSH] cache updated → 1 jobs
[INFO] [FILTER] Dropped 1 Manager/Principal roles (hard block)
[INFO] [CACHE] Using cache dir: users/example/default/cache
[INFO] === RANK PHASE ===
[INFO] [RANK] Starting ranking on 7 jobs
[INFO] [FILTER] Dropped 2 senior roles
[INFO] [EMBED] Cache lookup: 0 hit / 5 miss (hit-rate=0.0%)
[INFO] [EMBED] FAISS add (5 vectors) took 0.1 ms
[INFO] [EMBED] FAISS save took 1.1 ms
[INFO] [RANK] Completed in 3.2s → 4 jobs
[INFO] [BATCH] Writing stable results
[INFO] Saved users/example/default/outputs/ranked_jobs.csv
[INFO] Planning search queries
[INFO] Planned 5 queries
[INFO] [SCRAPE] genai engineer
[INFO] [FLUSH] cache updated → 99 jobs
[INFO] [SCRAPE] llmops engineer
[INFO] [FLUSH] cache updated → 64 jobs
[INFO] [SCRAPE] senior generative ai engineer
[INFO] [FLUSH] cache updated → 94 jobs
[INFO] [SCRAPE] senior software engineer
[INFO] [FLUSH] cache updated → 93 jobs
[INFO] [SCRAPE] forward deployed engineer
[INFO] [FLUSH] cache updated → 40 jobs
[INFO] [FILTER] Dropped 5 Manager/Principal roles (hard block)
[INFO] [CACHE] Using cache dir: users/example/default/cache
[INFO] === RANK PHASE ===
[INFO] [RANK] Starting ranking on 357 jobs
[INFO] [FILTER] Dropped 37 senior roles
[INFO] [RANK] Functional role classified: 100/320
[INFO] [RANK] Functional role classified: 200/320
[INFO] [RANK] Functional role classified: 300/320
[INFO] [EMBED] FAISS load took 2.6 ms
[INFO] [EMBED] Loaded FAISS index with 5 vectors
[INFO] [EMBED] Cache lookup: 9 hit / 311 miss (hit-rate=2.8%)
[INFO] [EMBED] FAISS add (311 vectors) took 0.2 ms
[INFO] [EMBED] FAISS save took 1.4 ms
[INFO] [RANK] Completed in 4.0s → 284 jobs
[INFO] [BATCH] Writing stable results
[INFO] Saved users/example/default/outputs/ranked_jobs.csv
[INFO] [FAISS] Using user-scoped embeddings → users/example/default/embeddings
[ERROR] users/example/default/corpus/jobs_corpus.csv not found. Run build_corpus.py first.
[INFO] [CORPUS] User=example use_case=default profile=senior_ic
[INFO] [CORPUS] Writing → users/example/default/corpus/jobs_corpus.csv
[INFO] [CORPUS] Rows before filtering: 7
[INFO] [CORPUS] Dropped 7 jobs via profile filters
[INFO] [CORPUS] Corpus built: 0 jobs
[INFO] [CORPUS] User=example use_case=default profile=senior_ic
[INFO] [CORPUS] Writing → users/example/default/corpus/jobs_corpus.csv
[INFO] [CORPUS] User=example use_case=default profile=senior_ic
[INFO] [CORPUS] Writing → users/example/default/corpus/jobs_corpus.csv
[INFO] [CORPUS] Rows before filtering: 389
[INFO] [CORPUS] Dropped 385 jobs via profile filters
[INFO] [CORPUS] Corpus built: 4 jobs
[INFO] [CORPUS] User=example use_case=default profile=senior_ic
[INFO] [CORPUS] Writing → users/example/default/corpus/jobs_corpus.csv
[INFO] [CORPUS] Rows before filtering: 389
[INFO] [CORPUS] Dropped 385 jobs via profile filters
[INFO] [CORPUS] Corpus built: 4 jobs
[INFO] [FAISS] Using user-scoped embeddings → users/example/default/embeddings
[INFO] [FAISS] Building embeddings for 4 corpus jobs
[INFO] [EMBED] Cache lookup: 0 hit / 4 miss (hit-rate=0.0%)
[INFO] [FAISS] Embedding 4 new corpus rows
[INFO] [EMBED] FAISS add (4 vectors) took 0.8 ms
[INFO] [EMBED] FAISS save took 1.6 ms
[INFO] [FAISS] Corpus FAISS snapshot ready
[INFO] Planning search queries
[INFO] Planned 3 queries
[INFO] [SCRAPE] staff mlops engineer
[INFO] [FILTER] Dropped 1 Manager/Principal roles (hard block)
[INFO] [CACHE] Using cache dir: users/example/default/cache
[INFO] === RANK PHASE ===
[INFO] [RANK] Starting ranking on 7 jobs
[INFO] [FILTER] Dropped 2 senior roles
[INFO] [EMBED] FAISS load took 1.7 ms
[INFO] [EMBED] Loaded FAISS index with 4 vectors
[INFO] [EMBED] Cache lookup: 0 hit / 5 miss (hit-rate=0.0%)
[INFO] [EMBED] FAISS add (5 vectors) took 0.1 ms
[INFO] [EMBED] FAISS save took 0.5 ms
[INFO] [RANK] Completed in 3.2s → 4 jobs
[INFO] [BATCH] Writing stable results
[INFO] Saved users/example/default/outputs/ranked_jobs.csv
[INFO] Planning search queries
[INFO] Planned 5 queries
[INFO] [SCRAPE] genai engineer
[INFO] [FLUSH] cache updated → 102 jobs
[INFO] [SCRAPE] llmops engineer
[INFO] [FLUSH] cache updated → 64 jobs
[INFO] [SCRAPE] senior generative ai engineer
[INFO] [FLUSH] cache updated → 94 jobs
[INFO] [SCRAPE] senior software engineer
[INFO] [FLUSH] cache updated → 95 jobs
[INFO] [SCRAPE] forward deployed engineer
[INFO] [FLUSH] cache updated → 40 jobs
[INFO] [FILTER] Dropped 5 Manager/Principal roles (hard block)
[INFO] [CACHE] Using cache dir: users/example/default/cache
[INFO] === RANK PHASE ===
[INFO] [RANK] Starting ranking on 361 jobs
[INFO] [FILTER] Dropped 37 senior roles
[INFO] [RANK] Functional role classified: 100/324
[INFO] [RANK] Functional role classified: 200/324
[INFO] [RANK] Functional role classified: 300/324
[INFO] [EMBED] FAISS load took 2.6 ms
[INFO] [EMBED] Loaded FAISS index with 9 vectors
[INFO] [EMBED] Cache lookup: 9 hit / 315 miss (hit-rate=2.8%)
[INFO] [EMBED] FAISS add (315 vectors) took 0.2 ms
[INFO] [EMBED] FAISS save took 1.0 ms
[INFO] [RANK] Completed in 3.9s → 287 jobs
[INFO] [BATCH] Writing stable results
[INFO] Saved users/example/default/outputs/ranked_jobs.csv
[INFO] [CORPUS] User=example use_case=default profile=senior_ic
[INFO] [CORPUS] Writing → users/example/default/corpus/jobs_corpus.csv
[INFO] [CORPUS] Rows before filtering: 394
[INFO] [CORPUS] Dropped 390 jobs via profile filters
[INFO] [CORPUS] Corpus built: 4 jobs
[INFO] [FAISS] Using user-scoped embeddings → users/example/default/embeddings
[INFO] [FAISS] Building embeddings for 4 corpus jobs
[INFO] [EMBED] FAISS load took 2.3 ms
[INFO] [EMBED] Loaded FAISS index with 324 vectors
[INFO] [EMBED] Cache lookup: 4 hit / 0 miss (hit-rate=100.0%)
[INFO] [FAISS] Corpus FAISS snapshot ready
[INFO] [CORPUS] User=example use_case=default profile=senior_ic
[INFO] [CORPUS] Writing → users/example/default/corpus/jobs_corpus.csv
[INFO] [CORPUS] Rows before filtering: 394
[INFO] [CORPUS FILTER DEBUG] start=394 | junior_dropped=4 | manager_dropped=53 | title_kw_dropped=58 | final=279
[INFO] [CORPUS] Corpus built: 265 jobs
[INFO] [FAISS] Using user-scoped embeddings → users/example/default/embeddings
[INFO] [FAISS] Building embeddings for 265 corpus jobs
[INFO] [EMBED] FAISS load took 3.6 ms
[INFO] [EMBED] Loaded FAISS index with 324 vectors
[INFO] [EMBED] Cache lookup: 5 hit / 260 miss (hit-rate=1.9%)
[INFO] [FAISS] Embedding 260 new corpus rows
[INFO] [EMBED] FAISS add (260 vectors) took 0.4 ms
[INFO] [EMBED] FAISS save took 1.5 ms
[INFO] [FAISS] Corpus FAISS snapshot ready
[INFO] [CORPUS RANK] User=example use_case=default profile=senior_ic
[INFO] [CORPUS RANK] Ranking 265 corpus jobs
[INFO] [EMBED] FAISS load took 2.0 ms
[INFO] [EMBED] Loaded FAISS index with 584 vectors
[INFO] [EMBED] Cache lookup: 263 hit / 2 miss (hit-rate=99.2%)
[ERROR] [CORPUS RANK] 2 embeddings missing.
Run build_faiss_corpus.py first.
[INFO] [FAISS] Using user-scoped embeddings → users/example/default/embeddings
[INFO] [FAISS] Building embeddings for 265 corpus jobs
[INFO] [EMBED] FAISS load took 2.6 ms
[INFO] [EMBED] Loaded FAISS index with 584 vectors
[INFO] [EMBED] Cache lookup: 265 hit / 0 miss (hit-rate=100.0%)
[INFO] [FAISS] Corpus FAISS snapshot ready
[INFO] [CORPUS RANK] User=example use_case=default profile=senior_ic
[INFO] [CORPUS RANK] Ranking 265 corpus jobs
[INFO] [EMBED] FAISS load took 0.7 ms
[INFO] [EMBED] Loaded FAISS index with 584 vectors
[INFO] [EMBED] Cache lookup: 263 hit / 2 miss (hit-rate=99.2%)
[ERROR] [CORPUS RANK] 2 embeddings missing.
Run build_faiss_corpus.py first.
[INFO] [FAISS] Using user-scoped embeddings → users/example/default/embeddings
[INFO] [FAISS] Building embeddings for 265 corpus jobs
[INFO] [EMBED] FAISS load took 2.7 ms
[INFO] [EMBED] Loaded FAISS index with 584 vectors
[INFO] [EMBED] Cache lookup: 265 hit / 0 miss (hit-rate=100.0%)
[INFO] [FAISS] Corpus FAISS snapshot ready
[INFO] [CORPUS RANK] User=example use_case=default profile=senior_ic
[INFO] [CORPUS RANK] Ranking 265 corpus jobs
[INFO] [EMBED] FAISS load took 0.3 ms
[INFO] [EMBED] Loaded FAISS index with 584 vectors
[INFO] [EMBED] Cache lookup: 265 hit / 0 miss (hit-rate=100.0%)
[INFO] [RANK] Starting ranking on 265 jobs
[INFO] [FILTER] Dropped 2 senior roles
[INFO] [RANK] Functional role classified: 100/263
[INFO] [RANK] Functional role classified: 200/263
[INFO] [EMBED] FAISS load took 0.2 ms
[INFO] [EMBED] Loaded FAISS index with 584 vectors
[INFO] [EMBED] Cache lookup: 263 hit / 0 miss (hit-rate=100.0%)
[INFO] [RANK] Completed in 3.1s → 233 jobs
[INFO] [CORPUS RANK] Saved → users/example/default/outputs/ranked_corpus.csv
[INFO] [CORPUS RANK] User=example use_case=default profile=senior_ic
[INFO] [CORPUS RANK] Ranking 265 corpus jobs
[INFO] [EMBED] FAISS load took 1.9 ms
[INFO] [EMBED] Loaded FAISS index with 584 vectors
[INFO] [EMBED] Cache lookup: 265 hit / 0 miss (hit-rate=100.0%)
[INFO] [RANK] Starting ranking on 265 jobs
[INFO] [FILTER] Dropped 2 senior roles
[INFO] [RANK] Functional role classified: 100/263
[INFO] [RANK] Functional role classified: 200/263
[INFO] [EMBED] FAISS load took 0.2 ms
[INFO] [EMBED] Loaded FAISS index with 584 vectors
[INFO] [EMBED] Cache lookup: 263 hit / 0 miss (hit-rate=100.0%)
[INFO] [RANK] Completed in 3.2s → 233 jobs
[INFO] [CORPUS RANK] Saved → users/example/default/corpus/ranked_corpus.csv
[INFO] [FAISS] Using user-scoped embeddings → users/example/default/embeddings
[INFO] [FAISS] Building embeddings for 265 corpus jobs
[INFO] [EMBED] FAISS load took 3.6 ms
[INFO] [EMBED] Loaded FAISS index with 584 vectors
[INFO] [EMBED] Cache lookup: 0 hit / 265 miss (hit-rate=0.0%)
[INFO] [FAISS] Embedding 265 new corpus rows
[INFO] [EMBED] FAISS add (265 vectors) took 0.4 ms
[INFO] [EMBED] FAISS save took 3.0 ms
[INFO] [FAISS] Corpus FAISS snapshot ready
[INFO] [CORPUS RANK] User=example use_case=default profile=senior_ic
[INFO] [CORPUS RANK] Ranking 265 corpus jobs
[INFO] [EMBED] FAISS load took 0.2 ms
[INFO] [EMBED] Loaded FAISS index with 849 vectors
[INFO] [EMBED] Cache lookup: 265 hit / 0 miss (hit-rate=100.0%)
[INFO] [RANK] Starting ranking on 265 jobs
[INFO] [FILTER] Dropped 2 senior roles
[INFO] [RESUME] Persisted 12 canonical resume skills
[INFO] [RANK] Functional role classified: 100/263
[INFO] [RANK] Functional role classified: 200/263
[INFO] [EMBED] FAISS load took 0.2 ms
[INFO] [EMBED] Loaded FAISS index with 849 vectors
[INFO] [EMBED] Cache lookup: 263 hit / 0 miss (hit-rate=100.0%)
[INFO] [RANK] Completed in 3.2s → 263 jobs
[INFO] [CORPUS RANK] Saved → users/example/default/corpus/ranked_corpus.csv
[INFO] Planning search queries
[INFO] Planned 7 queries
[INFO] [SCRAPE] staff mlops engineer
[INFO] [SCRAPE] senior software engineer
[INFO] [FLUSH] cache updated → 65 jobs
[INFO] [SCRAPE] senior generative ai engineer
[INFO] [FLUSH] cache updated → 16 jobs
[INFO] [SCRAPE] staff generative ai engineer
[INFO] [FLUSH] cache updated → 1 jobs
[INFO] [SCRAPE] principal generative ai engineer
[INFO] [FLUSH] cache updated → 1 jobs
[INFO] [FILTER] Dropped 1 Manager/Principal roles (hard block)
[INFO] [CACHE] Using cache dir: users/example/default/cache
[INFO] === RANK PHASE ===
[INFO] [RANK] Starting ranking on 76 jobs
[INFO] [FILTER] Dropped 11 senior roles
[INFO] [EMBED] FAISS load took 1.3 ms
[INFO] [EMBED] Loaded FAISS index with 849 vectors
[INFO] [EMBED] Cache lookup: 29 hit / 36 miss (hit-rate=44.6%)
[INFO] [EMBED] FAISS add (36 vectors) took 0.1 ms
[INFO] [EMBED] FAISS save took 0.8 ms
[INFO] [RANK] Completed in 3.4s → 65 jobs
[INFO] [BATCH] Writing stable results
[INFO] Saved users/example/default/outputs/ranked_jobs.csv
[INFO] [FAISS] Using user-scoped embeddings → users/example/default/embeddings
[INFO] [FAISS] Building embeddings for 265 corpus jobs
[INFO] [EMBED] FAISS load took 4.1 ms
[INFO] [EMBED] Loaded FAISS index with 885 vectors
[INFO] [EMBED] Cache lookup: 0 hit / 265 miss (hit-rate=0.0%)
[INFO] [FAISS] Embedding 265 new corpus rows
[INFO] [EMBED] FAISS add (265 vectors) took 0.4 ms
[INFO] [EMBED] FAISS save took 1.3 ms
[INFO] [FAISS] Corpus FAISS snapshot ready
[INFO] [CORPUS RANK] User=example use_case=default profile=senior_ic
[INFO] [CORPUS RANK] Ranking 265 corpus jobs
[INFO] [EMBED] FAISS load took 0.3 ms
[INFO] [EMBED] Loaded FAISS index with 1150 vectors
[INFO] [EMBED] Cache lookup: 265 hit / 0 miss (hit-rate=100.0%)
[INFO] [RANK] Starting ranking on 265 jobs
[INFO] [FILTER] Dropped 2 senior roles
[INFO] [RANK] Functional role classified: 100/263
[INFO] [RANK] Functional role classified: 200/263
[INFO] [EMBED] FAISS load took 0.3 ms
[INFO] [EMBED] Loaded FAISS index with 1150 vectors
[INFO] [EMBED] Cache lookup: 263 hit / 0 miss (hit-rate=100.0%)
[INFO] [RANK] Completed in 3.1s → 250 jobs
[INFO] [CORPUS RANK] Saved → users/example/default/corpus/ranked_corpus.csv
[INFO] [FAISS] Using user-scoped embeddings → users/example/default/embeddings
[INFO] [FAISS] Building embeddings for 265 corpus jobs
[INFO] [FAISS] Using user-scoped embeddings → users/example/default/embeddings
[INFO] [FAISS] Building embeddings for 265 corpus jobs
[INFO] [FAISS] Using user-scoped embeddings → users/example/default/embeddings
[INFO] [FAISS] Building embeddings for 265 corpus jobs
[INFO] [FAISS] Using user-scoped embeddings → users/example/default/embeddings
[INFO] [FAISS] Building embeddings for 265 corpus jobs
[INFO] [EMBED] Cache lookup: 0 hit / 265 miss (hit-rate=0.0%)
[INFO] [FAISS] Embedding 265 new corpus rows
[INFO] [FAISS] Using user-scoped embeddings → users/example/default/embeddings
[INFO] [FAISS] Building embeddings for 265 corpus jobs
[INFO] [EMBED] Cache lookup: 0 hit / 265 miss (hit-rate=0.0%)
[INFO] [FAISS] Embedding 265 new corpus rows
[INFO] [EMBED] FAISS add (265 vectors) took 0.2 ms
[INFO] [EMBED] FAISS save took 1.5 ms
[INFO] [FAISS] Corpus FAISS snapshot ready
[INFO] Planning search queries
[INFO] Planned 5 queries
[INFO] [SCRAPE] genai engineer
[INFO] [FLUSH] cache updated → 481 jobs
[INFO] [SCRAPE] llmops engineer
[INFO] [FLUSH] cache updated → 64 jobs
[INFO] [SCRAPE] senior generative ai engineer
[INFO] [FLUSH] cache updated → 324 jobs
[INFO] [SCRAPE] senior software engineer
[INFO] [FLUSH] cache updated → 465 jobs
[INFO] [SCRAPE] forward deployed engineer
[INFO] [FLUSH] cache updated → 40 jobs
[INFO] [FILTER] Dropped 30 Manager/Principal roles (hard block)
[INFO] [CACHE] Using cache dir: users/example/default/cache
[WARNING] Large cache detected: 1234 jobs. Ranking may take several minutes.
[INFO] === RANK PHASE ===
[INFO] [RANK] Starting ranking on 1234 jobs
[INFO] [FILTER] Dropped 168 senior roles
[INFO] [RANK] Functional role classified: 100/1066
[INFO] [RANK] Functional role classified: 200/1066
[INFO] [RANK] Functional role classified: 300/1066
[INFO] [RANK] Functional role classified: 400/1066
[INFO] [RANK] Functional role classified: 500/1066
[INFO] [RANK] Functional role classified: 600/1066
[INFO] [RANK] Functional role classified: 700/1066
[INFO] [RANK] Functional role classified: 800/1066
[INFO] [RANK] Functional role classified: 900/1066
[INFO] [RANK] Functional role classified: 1000/1066
[INFO] [EMBED] FAISS load took 3.2 ms
[INFO] [EMBED] Loaded FAISS index with 265 vectors
[INFO] [EMBED] Cache lookup: 402 hit / 664 miss (hit-rate=37.7%)
[INFO] [EMBED] FAISS add (664 vectors) took 0.3 ms
[INFO] [EMBED] FAISS save took 1.5 ms
[INFO] [RANK] Completed in 11.8s → 964 jobs
[INFO] [BATCH] Writing stable results
[INFO] Saved users/example/default/outputs/ranked_jobs.csv
[INFO] Planning search queries
[INFO] Planned 5 queries
[INFO] [SCRAPE] senior mlops engineer
[INFO] [FLUSH] cache updated → 190 jobs
[INFO] [SCRAPE] senior generative ai engineer
[INFO] [FLUSH] cache updated → 324 jobs
[INFO] [SCRAPE] senior llmops engineer
[INFO] [FLUSH] cache updated → 30 jobs
[INFO] [SCRAPE] senior software engineer
[INFO] [FLUSH] cache updated → 467 jobs
[INFO] [SCRAPE] forward deployed engineer
[INFO] [FLUSH] cache updated → 40 jobs
[INFO] [FILTER] Dropped 17 Manager/Principal roles (hard block)
[INFO] [CACHE] Using cache dir: users/example/default/cache
[WARNING] Large cache detected: 1317 jobs. Ranking may take several minutes.
[INFO] === RANK PHASE ===
[INFO] [RANK] Starting ranking on 1317 jobs
[INFO] [FILTER] Dropped 182 senior roles
[INFO] [RANK] Functional role classified: 100/1135
[INFO] [RANK] Functional role classified: 200/1135
[INFO] [RANK] Functional role classified: 300/1135
[INFO] [RANK] Functional role classified: 400/1135
[INFO] [RANK] Functional role classified: 500/1135
[INFO] [RANK] Functional role classified: 600/1135
[INFO] [RANK] Functional role classified: 700/1135
[INFO] [RANK] Functional role classified: 800/1135
[INFO] [RANK] Functional role classified: 900/1135
[INFO] [RANK] Functional role classified: 1000/1135
[INFO] [RANK] Functional role classified: 1100/1135
[INFO] [EMBED] FAISS load took 3.1 ms
[INFO] [EMBED] Loaded FAISS index with 929 vectors
[INFO] [EMBED] Cache lookup: 1067 hit / 68 miss (hit-rate=94.0%)
[INFO] [EMBED] FAISS add (68 vectors) took 0.2 ms
[INFO] [EMBED] FAISS save took 2.8 ms
[INFO] [RANK] Completed in 11.9s → 1033 jobs
[INFO] [BATCH] Writing stable results
[INFO] Saved users/example/default/outputs/ranked_jobs.csv
[INFO] [FAISS] Using user-scoped embeddings → users/example/default/embeddings
[INFO] [FAISS] Building embeddings for 265 corpus jobs
[INFO] [EMBED] FAISS load took 2.8 ms
[INFO] [EMBED] Loaded FAISS index with 997 vectors
[INFO] [EMBED] Cache lookup: 265 hit / 0 miss (hit-rate=100.0%)
[INFO] [FAISS] Corpus FAISS snapshot ready
[INFO] [CORPUS RANK] User=example use_case=default profile=senior_ic
[INFO] [CORPUS RANK] Ranking 265 corpus jobs
[INFO] [EMBED] FAISS load took 0.5 ms
[INFO] [EMBED] Loaded FAISS index with 997 vectors
[INFO] [EMBED] Cache lookup: 265 hit / 0 miss (hit-rate=100.0%)
[INFO] [RANK] Starting ranking on 265 jobs
[INFO] [FILTER] Dropped 2 senior roles
[INFO] [RANK] Functional role classified: 100/263
[INFO] [RANK] Functional role classified: 200/263
[INFO] [EMBED] FAISS load took 0.3 ms
[INFO] [EMBED] Loaded FAISS index with 997 vectors
[INFO] [EMBED] Cache lookup: 263 hit / 0 miss (hit-rate=100.0%)
[INFO] [RANK] Completed in 5.2s → 244 jobs
[INFO] [CORPUS RANK] Saved → users/example/default/corpus/ranked_corpus.csv
[INFO] Planning search queries
[INFO] Planned 5 queries
[INFO] [SCRAPE] senior mlops engineer
[INFO] [FLUSH] cache updated → 190 jobs
[INFO] [SCRAPE] senior generative ai engineer
[INFO] [FLUSH] cache updated → 324 jobs
[INFO] [SCRAPE] senior llmops engineer
[INFO] [FLUSH] cache updated → 30 jobs
[INFO] [SCRAPE] senior software engineer
[INFO] [FLUSH] cache updated → 467 jobs
[INFO] [SCRAPE] forward deployed engineer
[INFO] [FLUSH] cache updated → 40 jobs
[INFO] [FILTER] Dropped 17 Manager/Principal roles (hard block)
[INFO] [CACHE] Using cache dir: users/example/default/cache
[WARNING] Large cache detected: 1317 jobs. Ranking may take several minutes.
[INFO] === RANK PHASE ===
[INFO] [RANK] Starting ranking on 1317 jobs
[INFO] [FILTER] Dropped 182 senior roles
[INFO] [RANK] Functional role classified: 100/1135
[INFO] [RANK] Functional role classified: 200/1135
[INFO] [RANK] Functional role classified: 300/1135
[INFO] [RANK] Functional role classified: 400/1135
[INFO] [RANK] Functional role classified: 500/1135
[INFO] [RANK] Functional role classified: 600/1135
[INFO] [RANK] Functional role classified: 700/1135
[INFO] [RANK] Functional role classified: 800/1135
[INFO] [RANK] Functional role classified: 900/1135
[INFO] [RANK] Functional role classified: 1000/1135
[INFO] [RANK] Functional role classified: 1100/1135
[INFO] [EMBED] Cache lookup: 0 hit / 1135 miss (hit-rate=0.0%)
[INFO] [EMBED] FAISS add (1135 vectors) took 0.9 ms
[INFO] [EMBED] FAISS save took 2.1 ms
[INFO] [RANK] Completed in 13.0s → 1033 jobs
[INFO] [BATCH] Writing stable results
[INFO] Saved users/example/default/outputs/ranked_jobs.csv
[INFO] [CLI] Using profile=senior_ic (resolved from config)
[INFO] Planning search queries
[INFO] Planned 3 queries
[INFO] [SCRAPE] indeed :: senior mlops engineer
[INFO] [FLUSH] cache updated → 7 jobs
[INFO] [SCRAPE] glassdoor :: senior mlops engineer
[WARNING] [GLASSDOOR ERROR] 'NoneType' object has no attribute 'strip'
[INFO] [SCRAPE] linkedin :: senior mlops engineer
[WARNING] [LINKEDIN ERROR] 'NoneType' object has no attribute 'strip'
[INFO] [SCRAPE] indeed :: staff mlops engineer
[INFO] [SCRAPE] glassdoor :: staff mlops engineer
[WARNING] [GLASSDOOR ERROR] 'NoneType' object has no attribute 'strip'
[INFO] [SCRAPE] linkedin :: staff mlops engineer
[WARNING] [LINKEDIN ERROR] 'NoneType' object has no attribute 'strip'
[INFO] [SCRAPE] indeed :: principal mlops engineer
[INFO] [FLUSH] cache updated → 1 jobs
[INFO] [SCRAPE] glassdoor :: principal mlops engineer
[WARNING] [GLASSDOOR ERROR] 'NoneType' object has no attribute 'strip'
[INFO] [SCRAPE] linkedin :: principal mlops engineer
[WARNING] [LINKEDIN ERROR] 'NoneType' object has no attribute 'strip'
[INFO] [RANK] Starting ranking on 77 jobs
[INFO] [FILTER] Dropped 11 senior roles
[INFO] [EMBED] FAISS load took 3.4 ms
[INFO] [EMBED] Loaded FAISS index with 1135 vectors
[INFO] [EMBED] Cache lookup: 64 hit / 2 miss (hit-rate=97.0%)
[INFO] [EMBED] FAISS add (2 vectors) took 0.4 ms
[INFO] [EMBED] FAISS save took 1.5 ms
[INFO] [RANK] Completed in 3.8s → 57 jobs
[INFO] Saved users/example/default/outputs/ranked_jobs.csv
[INFO] [CLI] Using profile=senior_ic (resolved from config)
[INFO] Planning search queries
[INFO] Planned 3 queries
[INFO] [SCRAPE] glassdoor :: senior mlops engineer
[WARNING] [GLASSDOOR ERROR] 'NoneType' object has no attribute 'strip'
[INFO] [SCRAPE] linkedin :: senior mlops engineer
[WARNING] [LINKEDIN ERROR] 'NoneType' object has no attribute 'strip'
[INFO] [SCRAPE] indeed :: staff mlops engineer
[INFO] [SCRAPE] glassdoor :: staff mlops engineer
[WARNING] [GLASSDOOR ERROR] 'NoneType' object has no attribute 'strip'
[INFO] [SCRAPE] linkedin :: staff mlops engineer
[WARNING] [LINKEDIN ERROR] 'NoneType' object has no attribute 'strip'
[INFO] [SCRAPE] glassdoor :: principal mlops engineer
[WARNING] [GLASSDOOR ERROR] 'NoneType' object has no attribute 'strip'
[INFO] [SCRAPE] linkedin :: principal mlops engineer
[WARNING] [LINKEDIN ERROR] 'NoneType' object has no attribute 'strip'
[INFO] [RANK] Starting ranking on 77 jobs
[INFO] [FILTER] Dropped 11 senior roles
[INFO] [EMBED] FAISS load took 3.2 ms
[INFO] [EMBED] Loaded FAISS index with 1137 vectors
[INFO] [EMBED] Cache lookup: 66 hit / 0 miss (hit-rate=100.0%)
[INFO] [RANK] Completed in 3.6s → 57 jobs
[INFO] Saved users/example/default/outputs/ranked_jobs.csv
[INFO] [CLI] Using profile=senior_ic (resolved from config)
[INFO] Planning search queries
[INFO] Planned 3 queries
[INFO] [SCRAPE] glassdoor :: senior mlops engineer
[WARNING] [GLASSDOOR ERROR] 'NoneType' object has no attribute 'strip'
[INFO] [SCRAPE] linkedin :: senior mlops engineer
[WARNING] [LINKEDIN ERROR] 'NoneType' object has no attribute 'strip'
[INFO] [SCRAPE] indeed :: staff mlops engineer
[INFO] [SCRAPE] glassdoor :: staff mlops engineer
[WARNING] [GLASSDOOR ERROR] 'NoneType' object has no attribute 'strip'
[INFO] [SCRAPE] linkedin :: staff mlops engineer
[WARNING] [LINKEDIN ERROR] 'NoneType' object has no attribute 'strip'
[INFO] [SCRAPE] glassdoor :: principal mlops engineer
[WARNING] [GLASSDOOR ERROR] 'NoneType' object has no attribute 'strip'
[INFO] [SCRAPE] linkedin :: principal mlops engineer
[WARNING] [LINKEDIN ERROR] 'NoneType' object has no attribute 'strip'
[INFO] [RANK] Starting ranking on 77 jobs
[INFO] [FILTER] Dropped 11 senior roles
[INFO] [EMBED] FAISS load took 3.0 ms
[INFO] [EMBED] Loaded FAISS index with 1137 vectors
[INFO] [EMBED] Cache lookup: 66 hit / 0 miss (hit-rate=100.0%)
[INFO] [RANK] Completed in 3.7s → 57 jobs
[INFO] Saved users/example/default/outputs/ranked_jobs.csv
[INFO] [CLI] Using profile=senior_ic (resolved from config)
[INFO] Planning search queries
[INFO] Planned 3 queries
[INFO] [SCRAPE] glassdoor :: senior mlops engineer
[WARNING] [GLASSDOOR ERROR] 'NoneType' object has no attribute 'strip'
[INFO] [SCRAPE] linkedin :: senior mlops engineer
[WARNING] [LINKEDIN ERROR] 'NoneType' object has no attribute 'strip'
[INFO] [SCRAPE] indeed :: staff mlops engineer
[INFO] [SCRAPE] glassdoor :: staff mlops engineer
[WARNING] [GLASSDOOR ERROR] 'NoneType' object has no attribute 'strip'
[INFO] [SCRAPE] linkedin :: staff mlops engineer
[WARNING] [LINKEDIN ERROR] 'NoneType' object has no attribute 'strip'
[INFO] [SCRAPE] glassdoor :: principal mlops engineer
[WARNING] [GLASSDOOR ERROR] 'NoneType' object has no attribute 'strip'
[INFO] [SCRAPE] linkedin :: principal mlops engineer
[WARNING] [LINKEDIN ERROR] 'NoneType' object has no attribute 'strip'
[INFO] [RANK] Starting ranking on 77 jobs
[INFO] [FILTER] Dropped 11 senior roles
[INFO] [EMBED] FAISS load took 1.4 ms
[INFO] [EMBED] Loaded FAISS index with 1137 vectors
[INFO] [EMBED] Cache lookup: 66 hit / 0 miss (hit-rate=100.0%)
[INFO] [RANK] Completed in 3.7s → 57 jobs
[INFO] Saved users/example/default/outputs/ranked_jobs.csv
[INFO] [CLI] Using profile=senior_ic (resolved from config)
[INFO] Planning search queries
[INFO] Planned 3 queries
[INFO] [SCRAPE] glassdoor :: senior mlops engineer
[WARNING] [GLASSDOOR ERROR] 'NoneType' object has no attribute 'strip'
[INFO] [SCRAPE] linkedin :: senior mlops engineer
[WARNING] [LINKEDIN ERROR] 'NoneType' object has no attribute 'strip'
[INFO] [SCRAPE] indeed :: staff mlops engineer
[INFO] [SCRAPE] glassdoor :: staff mlops engineer
[WARNING] [GLASSDOOR ERROR] 'NoneType' object has no attribute 'strip'
[INFO] [SCRAPE] linkedin :: staff mlops engineer
[WARNING] [LINKEDIN ERROR] 'NoneType' object has no attribute 'strip'
[INFO] [SCRAPE] glassdoor :: principal mlops engineer
[WARNING] [GLASSDOOR ERROR] 'NoneType' object has no attribute 'strip'
[INFO] [SCRAPE] linkedin :: principal mlops engineer
[WARNING] [LINKEDIN ERROR] 'NoneType' object has no attribute 'strip'
[INFO] [RANK] Starting ranking on 77 jobs
[INFO] [FILTER] Dropped 11 senior roles
[INFO] [EMBED] FAISS load took 3.7 ms
[INFO] [EMBED] Loaded FAISS index with 1137 vectors
[INFO] [EMBED] Cache lookup: 66 hit / 0 miss (hit-rate=100.0%)
[INFO] [RANK] Completed in 4.0s → 57 jobs
[INFO] Saved users/example/default/outputs/ranked_jobs.csv
[INFO] [CLI] Using profile=senior_ic (resolved from config)
[INFO] Planning search queries
[INFO] Planned 3 queries
[INFO] [SCRAPE] glassdoor :: senior mlops engineer
[WARNING] [GLASSDOOR ERROR] 'NoneType' object has no attribute 'strip'
[INFO] [SCRAPE] linkedin :: senior mlops engineer
[WARNING] [LINKEDIN ERROR] 'NoneType' object has no attribute 'strip'
[INFO] [SCRAPE] indeed :: staff mlops engineer
[INFO] [SCRAPE] glassdoor :: staff mlops engineer
[WARNING] [GLASSDOOR ERROR] 'NoneType' object has no attribute 'strip'
[INFO] [SCRAPE] linkedin :: staff mlops engineer
[WARNING] [LINKEDIN ERROR] 'NoneType' object has no attribute 'strip'
[INFO] [SCRAPE] glassdoor :: principal mlops engineer
[WARNING] [GLASSDOOR ERROR] 'NoneType' object has no attribute 'strip'
[INFO] [SCRAPE] linkedin :: principal mlops engineer
[WARNING] [LINKEDIN ERROR] 'NoneType' object has no attribute 'strip'
[INFO] [RANK] Starting ranking on 77 jobs
[INFO] [FILTER] Dropped 11 senior roles
[INFO] [EMBED] FAISS load took 3.0 ms
[INFO] [EMBED] Loaded FAISS index with 1137 vectors
[INFO] [EMBED] Cache lookup: 66 hit / 0 miss (hit-rate=100.0%)
[INFO] [RANK] Completed in 3.7s → 57 jobs
[INFO] Saved users/example/default/outputs/ranked_jobs.csv
[INFO] [FAISS] Using user-scoped embeddings → users/example/default/embeddings
[INFO] [FAISS] Building embeddings for 265 corpus jobs
[INFO] [EMBED] Cache lookup: 0 hit / 265 miss (hit-rate=0.0%)
[INFO] [FAISS] Embedding 265 new corpus rows
[INFO] [EMBED] FAISS add (265 vectors) took 1.2 ms
[INFO] [EMBED] FAISS save took 1.5 ms
[INFO] [FAISS] Corpus FAISS snapshot ready
[INFO] [CORPUS RANK] User=example use_case=default profile=senior_ic
[INFO] [CORPUS RANK] Ranking 265 corpus jobs
[INFO] [EMBED] FAISS load took 2.0 ms
[INFO] [EMBED] Loaded FAISS index with 265 vectors
[INFO] [EMBED] Cache lookup: 265 hit / 0 miss (hit-rate=100.0%)
[INFO] [RANK] Starting ranking on 265 jobs
[INFO] [FILTER] Dropped 2 senior roles
[INFO] [RESUME] Persisted 12 canonical resume skills
[INFO] [RANK] Functional role classified: 100/263
[INFO] [RANK] Functional role classified: 200/263
[INFO] [EMBED] FAISS load took 0.2 ms
[INFO] [EMBED] Loaded FAISS index with 265 vectors
[INFO] [EMBED] Cache lookup: 263 hit / 0 miss (hit-rate=100.0%)
[INFO] [RANK] Completed in 5.1s → 246 jobs
[INFO] [CORPUS RANK] Saved → users/example/default/corpus/ranked_corpus.csv
[INFO] [CLI] Using profile=senior_ic (resolved from config)
[INFO] Planning search queries
[INFO] Planned 5 queries
[INFO] [SCRAPE] indeed :: senior mlops engineer
[INFO] [FLUSH] cache updated → 199 jobs
[INFO] [SCRAPE] glassdoor :: senior mlops engineer
[WARNING] [GLASSDOOR ERROR] 'NoneType' object has no attribute 'strip'
[INFO] [SCRAPE] linkedin :: senior mlops engineer
[WARNING] [LINKEDIN ERROR] 'NoneType' object has no attribute 'strip'
[INFO] [SCRAPE] bayt :: senior mlops engineer
[WARNING] [BAYT ERROR] 'NoneType' object has no attribute 'strip'
[INFO] [SCRAPE] google :: senior mlops engineer
[WARNING] [GOOGLE ERROR] 'NoneType' object has no attribute 'strip'
[INFO] [SCRAPE] indeed :: senior generative ai engineer
[INFO] [FLUSH] cache updated → 336 jobs
[INFO] [SCRAPE] glassdoor :: senior generative ai engineer
[WARNING] [GLASSDOOR ERROR] 'NoneType' object has no attribute 'strip'
[INFO] [SCRAPE] linkedin :: senior generative ai engineer
[WARNING] [LINKEDIN ERROR] 'NoneType' object has no attribute 'strip'
[INFO] [SCRAPE] bayt :: senior generative ai engineer
[WARNING] [BAYT ERROR] 'NoneType' object has no attribute 'strip'
[INFO] [SCRAPE] google :: senior generative ai engineer
[WARNING] [GOOGLE ERROR] 'NoneType' object has no attribute 'strip'
[INFO] [SCRAPE] indeed :: senior llmops engineer
[INFO] [FLUSH] cache updated → 31 jobs
[INFO] [SCRAPE] glassdoor :: senior llmops engineer
[WARNING] [GLASSDOOR ERROR] 'NoneType' object has no attribute 'strip'
[INFO] [SCRAPE] linkedin :: senior llmops engineer
[WARNING] [LINKEDIN ERROR] 'NoneType' object has no attribute 'strip'
[INFO] [SCRAPE] bayt :: senior llmops engineer
[WARNING] [BAYT ERROR] 'NoneType' object has no attribute 'strip'
[INFO] [SCRAPE] google :: senior llmops engineer
[WARNING] [GOOGLE ERROR] 'NoneType' object has no attribute 'strip'
[INFO] [SCRAPE] indeed :: senior software engineer
[INFO] [FLUSH] cache updated → 798 jobs
[INFO] [SCRAPE] glassdoor :: senior software engineer
[WARNING] [GLASSDOOR ERROR] 'NoneType' object has no attribute 'strip'
[INFO] [SCRAPE] linkedin :: senior software engineer
[WARNING] [LINKEDIN ERROR] 'NoneType' object has no attribute 'strip'
[INFO] [SCRAPE] bayt :: senior software engineer
[WARNING] [BAYT ERROR] 'NoneType' object has no attribute 'strip'
[INFO] [SCRAPE] google :: senior software engineer
[WARNING] [GOOGLE ERROR] 'NoneType' object has no attribute 'strip'
[INFO] [SCRAPE] indeed :: forward deployed engineer
[INFO] [FLUSH] cache updated → 41 jobs
[INFO] [SCRAPE] glassdoor :: forward deployed engineer
[WARNING] [GLASSDOOR ERROR] 'NoneType' object has no attribute 'strip'
[INFO] [SCRAPE] linkedin :: forward deployed engineer
[WARNING] [LINKEDIN ERROR] 'NoneType' object has no attribute 'strip'
[INFO] [SCRAPE] bayt :: forward deployed engineer
[WARNING] [BAYT ERROR] 'NoneType' object has no attribute 'strip'
[INFO] [SCRAPE] google :: forward deployed engineer
[WARNING] [GOOGLE ERROR] 'NoneType' object has no attribute 'strip'
[WARNING] Large cache detected: 1642 jobs. Ranking may take several minutes.
[INFO] [RANK] Starting ranking on 1642 jobs
[INFO] [FILTER] Dropped 211 senior roles
[INFO] [RESUME] Persisted 12 canonical resume skills
[INFO] [RANK] Functional role classified: 100/1431
[INFO] [RANK] Functional role classified: 200/1431
[INFO] [RANK] Functional role classified: 300/1431
[INFO] [RANK] Functional role classified: 400/1431
[INFO] [RANK] Functional role classified: 500/1431
[INFO] [RANK] Functional role classified: 600/1431
[INFO] [RANK] Functional role classified: 700/1431
[INFO] [RANK] Functional role classified: 800/1431
[INFO] [RANK] Functional role classified: 900/1431
[INFO] [RANK] Functional role classified: 1000/1431
[INFO] [RANK] Functional role classified: 1100/1431
[INFO] [RANK] Functional role classified: 1200/1431
[INFO] [RANK] Functional role classified: 1300/1431
[INFO] [RANK] Functional role classified: 1400/1431
[INFO] [EMBED] FAISS load took 3.3 ms
[INFO] [EMBED] Loaded FAISS index with 265 vectors
[INFO] [EMBED] Cache lookup: 0 hit / 1431 miss (hit-rate=0.0%)
[INFO] [EMBED] FAISS add (1431 vectors) took 0.8 ms
[INFO] [EMBED] FAISS save took 1.9 ms
[INFO] [RANK] Completed in 15.5s → 1294 jobs
[INFO] Saved users/example/default/outputs/ranked_jobs.csv
[INFO] [CLI] Using profile=senior_ic (resolved from config)
[INFO] Planning search queries
[INFO] Planned 3 queries
[INFO] [SCRAPE] glassdoor :: senior mlops engineer
[WARNING] [GLASSDOOR ERROR] 'NoneType' object has no attribute 'strip'
[INFO] [SCRAPE] linkedin :: senior mlops engineer
[WARNING] [LINKEDIN ERROR] 'NoneType' object has no attribute 'strip'
[INFO] [SCRAPE] bayt :: senior mlops engineer
[WARNING] [BAYT ERROR] 'NoneType' object has no attribute 'strip'
[INFO] [SCRAPE] google :: senior mlops engineer
[WARNING] [GOOGLE ERROR] 'NoneType' object has no attribute 'strip'
[INFO] [SCRAPE] indeed :: staff mlops engineer
[INFO] [SCRAPE] glassdoor :: staff mlops engineer
[WARNING] [GLASSDOOR ERROR] 'NoneType' object has no attribute 'strip'
[INFO] [SCRAPE] linkedin :: staff mlops engineer
[WARNING] [LINKEDIN ERROR] 'NoneType' object has no attribute 'strip'
[INFO] [SCRAPE] bayt :: staff mlops engineer
[WARNING] [BAYT ERROR] 'NoneType' object has no attribute 'strip'
[INFO] [SCRAPE] google :: staff mlops engineer
[WARNING] [GOOGLE ERROR] 'NoneType' object has no attribute 'strip'
[INFO] [SCRAPE] glassdoor :: principal mlops engineer
[WARNING] [GLASSDOOR ERROR] 'NoneType' object has no attribute 'strip'
[INFO] [SCRAPE] linkedin :: principal mlops engineer
[WARNING] [LINKEDIN ERROR] 'NoneType' object has no attribute 'strip'
[INFO] [SCRAPE] bayt :: principal mlops engineer
[WARNING] [BAYT ERROR] 'NoneType' object has no attribute 'strip'
[INFO] [SCRAPE] google :: principal mlops engineer
[WARNING] [GOOGLE ERROR] 'NoneType' object has no attribute 'strip'
[INFO] [CLI] Using profile=senior_ic (resolved from config)
[INFO] Planning search queries
[INFO] Planned 3 queries
[INFO] [SCRAPE] glassdoor :: senior mlops engineer
[WARNING] [GLASSDOOR ERROR] 'NoneType' object has no attribute 'strip'
[INFO] [SCRAPE] linkedin :: senior mlops engineer
[WARNING] [LINKEDIN ERROR] 'NoneType' object has no attribute 'strip'
[INFO] [SCRAPE] bayt :: senior mlops engineer
[WARNING] [BAYT ERROR] 'NoneType' object has no attribute 'strip'
[INFO] [SCRAPE] google :: senior mlops engineer
[WARNING] [GOOGLE ERROR] 'NoneType' object has no attribute 'strip'
[INFO] [SCRAPE] indeed :: staff mlops engineer
[INFO] [SCRAPE] glassdoor :: staff mlops engineer
[WARNING] [GLASSDOOR ERROR] 'NoneType' object has no attribute 'strip'
[INFO] [SCRAPE] linkedin :: staff mlops engineer
[WARNING] [LINKEDIN ERROR] 'NoneType' object has no attribute 'strip'
[INFO] [SCRAPE] bayt :: staff mlops engineer
[WARNING] [BAYT ERROR] 'NoneType' object has no attribute 'strip'
[INFO] [SCRAPE] google :: staff mlops engineer
[WARNING] [GOOGLE ERROR] 'NoneType' object has no attribute 'strip'
[INFO] [SCRAPE] glassdoor :: principal mlops engineer
[WARNING] [GLASSDOOR ERROR] 'NoneType' object has no attribute 'strip'
[INFO] [SCRAPE] linkedin :: principal mlops engineer
[WARNING] [LINKEDIN ERROR] 'NoneType' object has no attribute 'strip'
[INFO] [SCRAPE] bayt :: principal mlops engineer
[WARNING] [BAYT ERROR] 'NoneType' object has no attribute 'strip'
[INFO] [SCRAPE] google :: principal mlops engineer
[WARNING] [GOOGLE ERROR] 'NoneType' object has no attribute 'strip'
[WARNING] [LINKEDIN_API ERROR] active-jb-7d: URL can't contain control characters. '/active-jb-7d?limit=50&offset=0&title_filter=%22senior mlops engineer%22&location_filter=%22India%22&description_type=text' (found at least ' ')
[WARNING] [LINKEDIN_API ERROR] active-ats-7d: URL can't contain control characters. '/active-ats-7d?limit=50&offset=0&title_filter=%22senior mlops engineer%22&location_filter=%22India%22&description_type=text' (found at least ' ')
[WARNING] [LINKEDIN_API ERROR] active-jb-7d: URL can't contain control characters. '/active-jb-7d?limit=50&offset=0&title_filter=%22senior mlops engineer%22&location_filter=%22India%22&description_type=text' (found at least ' ')
[WARNING] [LINKEDIN_API ERROR] active-ats-7d: URL can't contain control characters. '/active-ats-7d?limit=50&offset=0&title_filter=%22senior mlops engineer%22&location_filter=%22India%22&description_type=text' (found at least ' ')
[INFO] [CLI] Using profile=senior_ic (resolved from config)
[INFO] Planning search queries
[INFO] Planned 3 queries
[INFO] [SCRAPE] glassdoor :: senior mlops engineer
[WARNING] [GLASSDOOR ERROR] 'NoneType' object has no attribute 'strip'
[INFO] [SCRAPE] linkedin :: senior mlops engineer
[WARNING] [LINKEDIN ERROR] 'NoneType' object has no attribute 'strip'
[INFO] [SCRAPE] bayt :: senior mlops engineer
[WARNING] [BAYT ERROR] 'NoneType' object has no attribute 'strip'
[INFO] [SCRAPE] google :: senior mlops engineer
[WARNING] [GOOGLE ERROR] 'NoneType' object has no attribute 'strip'
[INFO] [SCRAPE] indeed :: staff mlops engineer
[INFO] [SCRAPE] glassdoor :: staff mlops engineer
[WARNING] [GLASSDOOR ERROR] 'NoneType' object has no attribute 'strip'
[INFO] [SCRAPE] linkedin :: staff mlops engineer
[WARNING] [LINKEDIN ERROR] 'NoneType' object has no attribute 'strip'
[INFO] [SCRAPE] bayt :: staff mlops engineer
[WARNING] [BAYT ERROR] 'NoneType' object has no attribute 'strip'
[INFO] [SCRAPE] google :: staff mlops engineer
[WARNING] [GOOGLE ERROR] 'NoneType' object has no attribute 'strip'
[INFO] [SCRAPE] glassdoor :: principal mlops engineer
[WARNING] [GLASSDOOR ERROR] 'NoneType' object has no attribute 'strip'
[INFO] [SCRAPE] linkedin :: principal mlops engineer
[WARNING] [LINKEDIN ERROR] 'NoneType' object has no attribute 'strip'
[INFO] [SCRAPE] bayt :: principal mlops engineer
[WARNING] [BAYT ERROR] 'NoneType' object has no attribute 'strip'
[INFO] [SCRAPE] google :: principal mlops engineer
[WARNING] [GOOGLE ERROR] 'NoneType' object has no attribute 'strip'
[INFO] [LINKEDIN_API] active-jb-7d → 7 jobs
[INFO] [LINKEDIN_API] active-ats-7d → 2 jobs
[INFO] [FLUSH] cache updated → 9 jobs
[INFO] [LINKEDIN_API] active-jb-7d → 7 jobs
[INFO] [LINKEDIN_API] active-ats-7d → 2 jobs
[INFO] [FLUSH] cache updated → 9 jobs
[INFO] [RANK] Starting ranking on 86 jobs
[INFO] [FILTER] Dropped 11 senior roles
[INFO] [RESUME] Persisted 12 canonical resume skills
[INFO] [EMBED] FAISS load took 3.8 ms
[INFO] [EMBED] Loaded FAISS index with 1696 vectors
[INFO] [EMBED] Cache lookup: 0 hit / 75 miss (hit-rate=0.0%)
[INFO] [EMBED] FAISS add (75 vectors) took 3.0 ms
[INFO] [EMBED] FAISS save took 2.3 ms
[INFO] [RANK] Completed in 4.0s → 66 jobs
[INFO] Saved users/example/default/outputs/ranked_jobs.csv
[INFO] [CLI] Using profile=senior_ic (resolved from config)
[INFO] [CLI] Using profile=senior_ic (resolved from config)
[INFO] Planning search queries
[INFO] Planned 5 queries
[INFO] [SCRAPE] indeed :: senior mlops engineer
[INFO] [FLUSH] cache updated → 205 jobs
[INFO] [SCRAPE] glassdoor :: senior mlops engineer
[WARNING] [GLASSDOOR ERROR] 'NoneType' object has no attribute 'strip'
[INFO] [SCRAPE] linkedin :: senior mlops engineer
[WARNING] [LINKEDIN ERROR] 'NoneType' object has no attribute 'strip'
[INFO] [SCRAPE] bayt :: senior mlops engineer
[WARNING] [BAYT ERROR] 'NoneType' object has no attribute 'strip'
[INFO] [SCRAPE] google :: senior mlops engineer
[WARNING] [GOOGLE ERROR] 'NoneType' object has no attribute 'strip'
[INFO] [SCRAPE] indeed :: senior generative ai engineer
[INFO] [FLUSH] cache updated → 336 jobs
[INFO] [SCRAPE] glassdoor :: senior generative ai engineer
[WARNING] [GLASSDOOR ERROR] 'NoneType' object has no attribute 'strip'
[INFO] [SCRAPE] linkedin :: senior generative ai engineer
[WARNING] [LINKEDIN ERROR] 'NoneType' object has no attribute 'strip'
[INFO] [SCRAPE] bayt :: senior generative ai engineer
[WARNING] [BAYT ERROR] 'NoneType' object has no attribute 'strip'
[INFO] [SCRAPE] google :: senior generative ai engineer
[WARNING] [GOOGLE ERROR] 'NoneType' object has no attribute 'strip'
[INFO] [SCRAPE] indeed :: senior llmops engineer
[INFO] [FLUSH] cache updated → 31 jobs
[INFO] [SCRAPE] glassdoor :: senior llmops engineer
[WARNING] [GLASSDOOR ERROR] 'NoneType' object has no attribute 'strip'
[INFO] [SCRAPE] linkedin :: senior llmops engineer
[WARNING] [LINKEDIN ERROR] 'NoneType' object has no attribute 'strip'
[INFO] [SCRAPE] bayt :: senior llmops engineer
[WARNING] [BAYT ERROR] 'NoneType' object has no attribute 'strip'
[INFO] [SCRAPE] google :: senior llmops engineer
[WARNING] [GOOGLE ERROR] 'NoneType' object has no attribute 'strip'
[INFO] [SCRAPE] indeed :: senior software engineer
[INFO] [FLUSH] cache updated → 804 jobs
[INFO] [SCRAPE] glassdoor :: senior software engineer
[WARNING] [GLASSDOOR ERROR] 'NoneType' object has no attribute 'strip'
[INFO] [SCRAPE] linkedin :: senior software engineer
[WARNING] [LINKEDIN ERROR] 'NoneType' object has no attribute 'strip'
[INFO] [SCRAPE] bayt :: senior software engineer
[WARNING] [BAYT ERROR] 'NoneType' object has no attribute 'strip'
[INFO] [SCRAPE] google :: senior software engineer
[WARNING] [GOOGLE ERROR] 'NoneType' object has no attribute 'strip'
[INFO] [SCRAPE] indeed :: forward deployed engineer
[INFO] [FLUSH] cache updated → 41 jobs
[INFO] [SCRAPE] glassdoor :: forward deployed engineer
[WARNING] [GLASSDOOR ERROR] 'NoneType' object has no attribute 'strip'
[INFO] [SCRAPE] linkedin :: forward deployed engineer
[WARNING] [LINKEDIN ERROR] 'NoneType' object has no attribute 'strip'
[INFO] [SCRAPE] bayt :: forward deployed engineer
[WARNING] [BAYT ERROR] 'NoneType' object has no attribute 'strip'
[INFO] [SCRAPE] google :: forward deployed engineer
[WARNING] [GOOGLE ERROR] 'NoneType' object has no attribute 'strip'
[INFO] [LINKEDIN_API] active-jb-7d → 7 jobs
[INFO] [LINKEDIN_API] active-ats-7d → 2 jobs
[INFO] [FLUSH] cache updated → 9 jobs
[INFO] [LINKEDIN_API] active-jb-7d → 7 jobs
[INFO] [LINKEDIN_API] active-ats-7d → 2 jobs
[INFO] [FLUSH] cache updated → 9 jobs
[INFO] [LINKEDIN_API] active-jb-7d → 1 jobs
[INFO] [LINKEDIN_API] active-ats-7d → 1 jobs
[INFO] [FLUSH] cache updated → 2 jobs
[INFO] [LINKEDIN_API] active-jb-7d → 1 jobs
[INFO] [LINKEDIN_API] active-ats-7d → 1 jobs
[INFO] [FLUSH] cache updated → 2 jobs
[INFO] [LINKEDIN_API] active-jb-7d → 50 jobs
[INFO] [LINKEDIN_API] active-jb-7d → 50 jobs
[INFO] [LINKEDIN_API] active-ats-7d → 50 jobs
[INFO] [LINKEDIN_API] active-ats-7d → 50 jobs
[INFO] [FLUSH] cache updated → 200 jobs
[INFO] [LINKEDIN_API] active-jb-7d → 50 jobs
[INFO] [LINKEDIN_API] active-jb-7d → 50 jobs
[INFO] [LINKEDIN_API] active-ats-7d → 50 jobs
[INFO] [LINKEDIN_API] active-ats-7d → 50 jobs
[INFO] [FLUSH] cache updated → 200 jobs
[INFO] [LINKEDIN_API] active-jb-7d → 6 jobs
[INFO] [LINKEDIN_API] active-ats-7d → 4 jobs
[INFO] [FLUSH] cache updated → 10 jobs
[INFO] [LINKEDIN_API] active-jb-7d → 6 jobs
[INFO] [LINKEDIN_API] active-ats-7d → 4 jobs
[INFO] [FLUSH] cache updated → 10 jobs
[WARNING] Large cache detected: 1869 jobs. Ranking may take several minutes.
[INFO] [RANK] Starting ranking on 1869 jobs
[INFO] [FILTER] Dropped 214 senior roles
[INFO] [RESUME] Persisted 12 canonical resume skills
[INFO] [RANK] Functional role classified: 100/1655
[INFO] [RANK] Functional role classified: 200/1655
[INFO] [RANK] Functional role classified: 300/1655
[INFO] [RANK] Functional role classified: 400/1655
[INFO] [RANK] Functional role classified: 500/1655
[INFO] [RANK] Functional role classified: 600/1655
[INFO] [RANK] Functional role classified: 700/1655
[INFO] [RANK] Functional role classified: 800/1655
[INFO] [RANK] Functional role classified: 900/1655
[INFO] [RANK] Functional role classified: 1000/1655
[INFO] [RANK] Functional role classified: 1100/1655
[INFO] [RANK] Functional role classified: 1200/1655
[INFO] [RANK] Functional role classified: 1300/1655
[INFO] [RANK] Functional role classified: 1400/1655
[INFO] [RANK] Functional role classified: 1500/1655
[INFO] [RANK] Functional role classified: 1600/1655
[INFO] [EMBED] FAISS load took 4.3 ms
[INFO] [EMBED] Loaded FAISS index with 1771 vectors
[INFO] [EMBED] Cache lookup: 0 hit / 1655 miss (hit-rate=0.0%)
[INFO] [EMBED] FAISS add (1655 vectors) took 1.6 ms
[INFO] [EMBED] FAISS save took 1.9 ms
[INFO] [RANK] Completed in 16.9s → 1490 jobs
[INFO] Saved users/example/default/outputs/ranked_jobs.csv
[INFO] [CORPUS RANK] User=example use_case=default profile=senior_ic
[INFO] [CORPUS RANK] Ranking 265 corpus jobs
[INFO] [EMBED] FAISS load took 5.3 ms
[INFO] [EMBED] Loaded FAISS index with 3426 vectors
[INFO] [EMBED] Cache lookup: 0 hit / 265 miss (hit-rate=0.0%)
[ERROR] [CORPUS RANK] 265 embeddings missing.
Run build_faiss_corpus.py first.
[INFO] [FAISS] Using user-scoped embeddings → users/example/default/embeddings
[INFO] [FAISS] Building embeddings for 265 corpus jobs
[INFO] [EMBED] FAISS load took 5.1 ms
[INFO] [EMBED] Loaded FAISS index with 3426 vectors
[INFO] [EMBED] Cache lookup: 0 hit / 265 miss (hit-rate=0.0%)
[INFO] [FAISS] Embedding 265 new corpus rows
[INFO] [EMBED] FAISS add (265 vectors) took 1.5 ms
[INFO] [EMBED] FAISS save took 2.1 ms
[INFO] [FAISS] Corpus FAISS snapshot ready
[INFO] [CORPUS RANK] User=example use_case=default profile=senior_ic
[INFO] [CORPUS RANK] Ranking 265 corpus jobs
[INFO] [EMBED] FAISS load took 1.6 ms
[INFO] [EMBED] Loaded FAISS index with 3691 vectors
[INFO] [EMBED] Cache lookup: 265 hit / 0 miss (hit-rate=100.0%)
[INFO] [RANK] Starting ranking on 265 jobs
[INFO] [FILTER] Dropped 2 senior roles
[INFO] [RESUME] Persisted 12 canonical resume skills
[INFO] [RANK] Functional role classified: 100/263
[INFO] [RANK] Functional role classified: 200/263
[INFO] [EMBED] FAISS load took 1.0 ms
[INFO] [EMBED] Loaded FAISS index with 3691 vectors
[INFO] [EMBED] Cache lookup: 263 hit / 0 miss (hit-rate=100.0%)
[INFO] [RANK] Completed in 5.1s → 246 jobs
[INFO] [CORPUS RANK] Saved → users/example/default/corpus/ranked_corpus.csv
[INFO] [CORPUS] User=example use_case=default profile=senior_ic
[INFO] [CORPUS] Writing → users/example/default/corpus/jobs_corpus.csv
[INFO] [CORPUS] Rows before filtering: 3449
[INFO] [CORPUS FILTER DEBUG] start=3449 | junior_dropped=44 | manager_dropped=501 | title_kw_dropped=363 | final=2541
[INFO] [CORPUS] Corpus built: 1364 jobs
[INFO] [FAISS] Using user-scoped embeddings → users/example/default/embeddings
[INFO] [FAISS] Building embeddings for 1364 corpus jobs
[INFO] [EMBED] FAISS load took 7.0 ms
[INFO] [EMBED] Loaded FAISS index with 3691 vectors
[INFO] [EMBED] Cache lookup: 521 hit / 843 miss (hit-rate=38.2%)
[INFO] [FAISS] Embedding 843 new corpus rows
[INFO] [EMBED] FAISS add (843 vectors) took 1.4 ms
[INFO] [EMBED] FAISS save took 1.8 ms
[INFO] [FAISS] Corpus FAISS snapshot ready
[INFO] [CORPUS RANK] User=example use_case=default profile=senior_ic
[INFO] [CORPUS RANK] Ranking 1364 corpus jobs
[INFO] [EMBED] FAISS load took 1.4 ms
[INFO] [EMBED] Loaded FAISS index with 4534 vectors
[INFO] [EMBED] Cache lookup: 1364 hit / 0 miss (hit-rate=100.0%)
[INFO] [RANK] Starting ranking on 1364 jobs
[INFO] [FILTER] Dropped 8 senior roles
[INFO] [RANK] Functional role classified: 100/1356
[INFO] [RANK] Functional role classified: 200/1356
[INFO] [RANK] Functional role classified: 300/1356
[INFO] [RANK] Functional role classified: 400/1356
[INFO] [RANK] Functional role classified: 500/1356
[INFO] [RANK] Functional role classified: 600/1356
[INFO] [RANK] Functional role classified: 700/1356
[INFO] [RANK] Functional role classified: 800/1356
[INFO] [RANK] Functional role classified: 900/1356
[INFO] [RANK] Functional role classified: 1000/1356
[INFO] [RANK] Functional role classified: 1100/1356
[INFO] [RANK] Functional role classified: 1200/1356
[INFO] [RANK] Functional role classified: 1300/1356
[INFO] [EMBED] FAISS load took 1.3 ms
[INFO] [EMBED] Loaded FAISS index with 4534 vectors
[INFO] [EMBED] Cache lookup: 1356 hit / 0 miss (hit-rate=100.0%)
[INFO] [RANK] Completed in 13.2s → 1219 jobs
[INFO] [CORPUS RANK] Saved → users/example/default/corpus/ranked_corpus.csv
[INFO] [CLI] Using profile=senior_ic (resolved from config)
[INFO] Planning search queries
[INFO] Planned 5 queries
[INFO] [SCRAPE] indeed :: senior mlops engineer
[INFO] [FLUSH] cache updated → 230 jobs
[INFO] [SCRAPE] indeed :: senior generative ai engineer
[INFO] [FLUSH] cache updated → 376 jobs
[INFO] [SCRAPE] indeed :: senior llmops engineer
[INFO] [FLUSH] cache updated → 32 jobs
[INFO] [SCRAPE] indeed :: senior software engineer
[INFO] [FLUSH] cache updated → 1086 jobs
[INFO] [SCRAPE] indeed :: forward deployed engineer
[INFO] [FLUSH] cache updated → 45 jobs
[INFO] [LINKEDIN_API] active-ats-7d → 2 jobs
[INFO] [FLUSH] cache updated → 9 jobs
[INFO] [LINKEDIN_API] active-ats-7d → 2 jobs
[INFO] [FLUSH] cache updated → 9 jobs
[INFO] [LINKEDIN_API] active-ats-7d → 1 jobs
[INFO] [FLUSH] cache updated → 2 jobs
[INFO] [LINKEDIN_API] active-ats-7d → 1 jobs
[INFO] [FLUSH] cache updated → 2 jobs
[WARNING] Large cache detected: 2189 jobs. Ranking may take several minutes.
[INFO] [RANK] Starting ranking on 2189 jobs
[INFO] [FILTER] Dropped 256 senior roles
[INFO] [RANK] Functional role classified: 100/1933
[INFO] [RANK] Functional role classified: 200/1933
[INFO] [RANK] Functional role classified: 300/1933
[INFO] [RANK] Functional role classified: 400/1933
[INFO] [RANK] Functional role classified: 500/1933
[INFO] [RANK] Functional role classified: 600/1933
[INFO] [RANK] Functional role classified: 700/1933
[INFO] [RANK] Functional role classified: 800/1933
[INFO] [RANK] Functional role classified: 900/1933
[INFO] [RANK] Functional role classified: 1000/1933
[INFO] [RANK] Functional role classified: 1100/1933
[INFO] [RANK] Functional role classified: 1200/1933
[INFO] [RANK] Functional role classified: 1300/1933
[INFO] [RANK] Functional role classified: 1400/1933
[INFO] [RANK] Functional role classified: 1500/1933
[INFO] [RANK] Functional role classified: 1600/1933
[INFO] [RANK] Functional role classified: 1700/1933
[INFO] [RANK] Functional role classified: 1800/1933
[INFO] [RANK] Functional role classified: 1900/1933
[INFO] [EMBED] FAISS load took 6.8 ms
[INFO] [EMBED] Loaded FAISS index with 4534 vectors
[INFO] [EMBED] Cache lookup: 1631 hit / 302 miss (hit-rate=84.4%)
[INFO] [EMBED] FAISS add (302 vectors) took 1.1 ms
[INFO] [EMBED] FAISS save took 2.5 ms
[INFO] [RANK] Completed in 48.3s → 1726 jobs
[INFO] Saved users/example/default/outputs/ranked_jobs.csv
[INFO] [CORPUS] User=example use_case=default profile=senior_ic
[INFO] [CORPUS] Writing → users/example/default/corpus/jobs_corpus.csv
[INFO] [CORPUS] Rows before filtering: 3800
[INFO] [CORPUS FILTER DEBUG] start=3800 | junior_dropped=52 | manager_dropped=561 | title_kw_dropped=416 | final=2771
[INFO] [CORPUS] Corpus built: 1572 jobs
[INFO] [FAISS] Using user-scoped embeddings → users/example/default/embeddings
[INFO] [FAISS] Building embeddings for 1572 corpus jobs
[INFO] [EMBED] FAISS load took 7.8 ms
[INFO] [EMBED] Loaded FAISS index with 4836 vectors
[INFO] [EMBED] Cache lookup: 1572 hit / 0 miss (hit-rate=100.0%)
[INFO] [FAISS] Corpus FAISS snapshot ready
[INFO] [CORPUS RANK] User=example use_case=default profile=senior_ic
[INFO] [CORPUS RANK] Ranking 1572 corpus jobs
[INFO] [EMBED] FAISS load took 1.3 ms
[INFO] [EMBED] Loaded FAISS index with 4836 vectors
[INFO] [EMBED] Cache lookup: 1572 hit / 0 miss (hit-rate=100.0%)
[INFO] [RANK] Starting ranking on 1572 jobs
[INFO] [FILTER] Dropped 8 senior roles
[INFO] [RANK] Functional role classified: 100/1564
[INFO] [RANK] Functional role classified: 200/1564
[INFO] [RANK] Functional role classified: 300/1564
[INFO] [RANK] Functional role classified: 400/1564
[INFO] [RANK] Functional role classified: 500/1564
[INFO] [RANK] Functional role classified: 600/1564
[INFO] [RANK] Functional role classified: 700/1564
[INFO] [RANK] Functional role classified: 800/1564
[INFO] [RANK] Functional role classified: 900/1564
[INFO] [RANK] Functional role classified: 1000/1564
[INFO] [RANK] Functional role classified: 1100/1564
[INFO] [RANK] Functional role classified: 1200/1564
[INFO] [RANK] Functional role classified: 1300/1564
[INFO] [RANK] Functional role classified: 1400/1564
[INFO] [RANK] Functional role classified: 1500/1564
[INFO] [EMBED] FAISS load took 1.1 ms
[INFO] [EMBED] Loaded FAISS index with 4836 vectors
[INFO] [EMBED] Cache lookup: 1564 hit / 0 miss (hit-rate=100.0%)
[INFO] [RANK] Completed in 18.8s → 1399 jobs
[INFO] [CORPUS RANK] Saved → users/example/default/corpus/ranked_corpus.csv
[INFO] [CLI] Using profile=senior_ic (resolved from config)
[INFO] Planning search queries
[INFO] Planned 5 queries
[INFO] [SCRAPE] indeed :: senior mlops engineer
[INFO] [FLUSH] cache updated → 24 jobs
[INFO] [SCRAPE] indeed :: senior generative ai engineer
[INFO] [FLUSH] cache updated → 22 jobs
[INFO] [SCRAPE] indeed :: senior llmops engineer
[INFO] [FLUSH] cache updated → 1 jobs
[INFO] [SCRAPE] indeed :: senior software engineer
[INFO] [FLUSH] cache updated → 50 jobs
[INFO] [SCRAPE] indeed :: forward deployed engineer
[INFO] [FLUSH] cache updated → 4 jobs
[WARNING] Large cache detected: 2197 jobs. Ranking may take several minutes.
[INFO] [RANK] Starting ranking on 2197 jobs
[INFO] [FILTER] Dropped 256 senior roles
[INFO] [RANK] Functional role classified: 100/1941
[INFO] [RANK] Functional role classified: 200/1941
[INFO] [RANK] Functional role classified: 300/1941
[INFO] [RANK] Functional role classified: 400/1941
[INFO] [RANK] Functional role classified: 500/1941
[INFO] [RANK] Functional role classified: 600/1941
[INFO] [RANK] Functional role classified: 700/1941
[INFO] [RANK] Functional role classified: 800/1941
[INFO] [RANK] Functional role classified: 900/1941
[INFO] [RANK] Functional role classified: 1000/1941
[INFO] [RANK] Functional role classified: 1100/1941
[INFO] [RANK] Functional role classified: 1200/1941
[INFO] [RANK] Functional role classified: 1300/1941
[INFO] [RANK] Functional role classified: 1400/1941
[INFO] [RANK] Functional role classified: 1500/1941
[INFO] [RANK] Functional role classified: 1600/1941
[INFO] [RANK] Functional role classified: 1700/1941
[INFO] [RANK] Functional role classified: 1800/1941
[INFO] [RANK] Functional role classified: 1900/1941
[INFO] [EMBED] FAISS load took 5.8 ms
[INFO] [EMBED] Loaded FAISS index with 4836 vectors
[INFO] [EMBED] Cache lookup: 1935 hit / 6 miss (hit-rate=99.7%)
[INFO] [EMBED] FAISS add (6 vectors) took 0.5 ms
[INFO] [EMBED] FAISS save took 2.5 ms
[INFO] [RANK] Completed in 20.8s → 1734 jobs
[INFO] Saved users/example/default/outputs/ranked_jobs.csv
